Component: ARM Compiler 5.06 update 7 (build 960) Tool: armlink [4d3601]

==============================================================================

Section Cross References

    startup_stm32g031xx.o(STACK) refers (Special) to heapauxi.o(.text) for __use_two_region_memory
    startup_stm32g031xx.o(HEAP) refers (Special) to heapauxi.o(.text) for __use_two_region_memory
    startup_stm32g031xx.o(RESET) refers (Special) to heapauxi.o(.text) for __use_two_region_memory
    startup_stm32g031xx.o(RESET) refers to startup_stm32g031xx.o(STACK) for __initial_sp
    startup_stm32g031xx.o(RESET) refers to startup_stm32g031xx.o(.text) for Reset_Handler
    startup_stm32g031xx.o(RESET) refers to stm32g0xx_it.o(i.NMI_Handler) for NMI_Handler
    startup_stm32g031xx.o(RESET) refers to stm32g0xx_it.o(i.HardFault_Handler) for HardFault_Handler
    startup_stm32g031xx.o(RESET) refers to stm32g0xx_it.o(i.SVC_Handler) for SVC_Handler
    startup_stm32g031xx.o(RESET) refers to stm32g0xx_it.o(i.PendSV_Handler) for PendSV_Handler
    startup_stm32g031xx.o(RESET) refers to stm32g0xx_it.o(i.SysTick_Handler) for SysTick_Handler
    startup_stm32g031xx.o(RESET) refers to stm32g0xx_it.o(i.EXTI0_1_IRQHandler) for EXTI0_1_IRQHandler
    startup_stm32g031xx.o(RESET) refers to stm32g0xx_it.o(i.DMA1_Channel1_IRQHandler) for DMA1_Channel1_IRQHandler
    startup_stm32g031xx.o(RESET) refers to stm32g0xx_it.o(i.TIM1_CC_IRQHandler) for TIM1_CC_IRQHandler
    startup_stm32g031xx.o(RESET) refers to stm32g0xx_it.o(i.TIM14_IRQHandler) for TIM14_IRQHandler
    startup_stm32g031xx.o(.text) refers (Special) to heapauxi.o(.text) for __use_two_region_memory
    startup_stm32g031xx.o(.text) refers to system_stm32g0xx.o(i.SystemInit) for SystemInit
    startup_stm32g031xx.o(.text) refers to __main.o(!!!main) for __main
    startup_stm32g031xx.o(.text) refers to startup_stm32g031xx.o(HEAP) for Heap_Mem
    startup_stm32g031xx.o(.text) refers to startup_stm32g031xx.o(STACK) for Stack_Mem
    main.o(i.MX_ADC1_Init) refers to stm32g0xx_hal_adc.o(i.HAL_ADC_Init) for HAL_ADC_Init
    main.o(i.MX_ADC1_Init) refers to main.o(i.Error_Handler) for Error_Handler
    main.o(i.MX_ADC1_Init) refers to stm32g0xx_hal_adc.o(i.HAL_ADC_ConfigChannel) for HAL_ADC_ConfigChannel
    main.o(i.MX_ADC1_Init) refers to main.o(.bss) for hadc1
    main.o(i.MX_DMA_Init) refers to stm32g0xx_hal_cortex.o(i.HAL_NVIC_SetPriority) for HAL_NVIC_SetPriority
    main.o(i.MX_DMA_Init) refers to stm32g0xx_hal_cortex.o(i.HAL_NVIC_EnableIRQ) for HAL_NVIC_EnableIRQ
    main.o(i.MX_GPIO_Init) refers to rt_memclr.o(.text) for __aeabi_memclr4
    main.o(i.MX_GPIO_Init) refers to stm32g0xx_hal_gpio.o(i.HAL_GPIO_WritePin) for HAL_GPIO_WritePin
    main.o(i.MX_GPIO_Init) refers to stm32g0xx_hal_gpio.o(i.HAL_GPIO_Init) for HAL_GPIO_Init
    main.o(i.MX_GPIO_Init) refers to stm32g0xx_hal_cortex.o(i.HAL_NVIC_SetPriority) for HAL_NVIC_SetPriority
    main.o(i.MX_GPIO_Init) refers to stm32g0xx_hal_cortex.o(i.HAL_NVIC_EnableIRQ) for HAL_NVIC_EnableIRQ
    main.o(i.MX_I2C1_Init) refers to stm32g0xx_hal_i2c.o(i.HAL_I2C_Init) for HAL_I2C_Init
    main.o(i.MX_I2C1_Init) refers to main.o(i.Error_Handler) for Error_Handler
    main.o(i.MX_I2C1_Init) refers to stm32g0xx_hal_i2c_ex.o(i.HAL_I2CEx_ConfigAnalogFilter) for HAL_I2CEx_ConfigAnalogFilter
    main.o(i.MX_I2C1_Init) refers to stm32g0xx_hal_i2c_ex.o(i.HAL_I2CEx_ConfigDigitalFilter) for HAL_I2CEx_ConfigDigitalFilter
    main.o(i.MX_I2C1_Init) refers to stm32g0xx_hal_i2c_ex.o(i.HAL_I2CEx_EnableFastModePlus) for HAL_I2CEx_EnableFastModePlus
    main.o(i.MX_I2C1_Init) refers to main.o(.bss) for hi2c1
    main.o(i.MX_IWDG_Init) refers to stm32g0xx_hal_iwdg.o(i.HAL_IWDG_Init) for HAL_IWDG_Init
    main.o(i.MX_IWDG_Init) refers to main.o(i.Error_Handler) for Error_Handler
    main.o(i.MX_IWDG_Init) refers to main.o(.bss) for hiwdg
    main.o(i.MX_TIM14_Init) refers to stm32g0xx_hal_tim.o(i.HAL_TIM_Base_Init) for HAL_TIM_Base_Init
    main.o(i.MX_TIM14_Init) refers to main.o(i.Error_Handler) for Error_Handler
    main.o(i.MX_TIM14_Init) refers to main.o(.bss) for htim14
    main.o(i.MX_TIM1_Init) refers to stm32g0xx_hal_tim.o(i.HAL_TIM_Base_Init) for HAL_TIM_Base_Init
    main.o(i.MX_TIM1_Init) refers to main.o(i.Error_Handler) for Error_Handler
    main.o(i.MX_TIM1_Init) refers to stm32g0xx_hal_tim.o(i.HAL_TIM_ConfigClockSource) for HAL_TIM_ConfigClockSource
    main.o(i.MX_TIM1_Init) refers to stm32g0xx_hal_tim.o(i.HAL_TIM_IC_Init) for HAL_TIM_IC_Init
    main.o(i.MX_TIM1_Init) refers to stm32g0xx_hal_tim_ex.o(i.HAL_TIMEx_MasterConfigSynchronization) for HAL_TIMEx_MasterConfigSynchronization
    main.o(i.MX_TIM1_Init) refers to stm32g0xx_hal_tim.o(i.HAL_TIM_IC_ConfigChannel) for HAL_TIM_IC_ConfigChannel
    main.o(i.MX_TIM1_Init) refers to main.o(.bss) for htim1
    main.o(i.SystemClock_Config) refers to rt_memclr.o(.text) for __aeabi_memclr4
[...]
    ..\Drivers\STM32G0xx_HAL_Driver\Src\stm32g0xx_hal_flash.c 0x00000000   Number         0  stm32g0xx_hal_flash.o ABSOLUTE
    ..\Drivers\STM32G0xx_HAL_Driver\Src\stm32g0xx_hal_flash_ex.c 0x00000000   Number         0  stm32g0xx_hal_flash_ex.o ABSOLUTE
    ..\Drivers\STM32G0xx_HAL_Driver\Src\stm32g0xx_hal_gpio.c 0x00000000   Number         0  stm32g0xx_hal_gpio.o ABSOLUTE
    ..\Drivers\STM32G0xx_HAL_Driver\Src\stm32g0xx_hal_i2c.c 0x00000000   Number         0  stm32g0xx_hal_i2c.o ABSOLUTE
    ..\Drivers\STM32G0xx_HAL_Driver\Src\stm32g0xx_hal_i2c_ex.c 0x00000000   Number         0  stm32g0xx_hal_i2c_ex.o ABSOLUTE
    ..\Drivers\STM32G0xx_HAL_Driver\Src\stm32g0xx_hal_iwdg.c 0x00000000   Number         0  stm32g0xx_hal_iwdg.o ABSOLUTE
    ..\Drivers\STM32G0xx_HAL_Driver\Src\stm32g0xx_hal_pwr.c 0x00000000   Number         0  stm32g0xx_hal_pwr.o ABSOLUTE
    ..\Drivers\STM32G0xx_HAL_Driver\Src\stm32g0xx_hal_pwr_ex.c 0x00000000   Number         0  stm32g0xx_hal_pwr_ex.o ABSOLUTE
    ..\Drivers\STM32G0xx_HAL_Driver\Src\stm32g0xx_hal_rcc.c 0x00000000   Number         0  stm32g0xx_hal_rcc.o ABSOLUTE
    ..\Drivers\STM32G0xx_HAL_Driver\Src\stm32g0xx_hal_rcc_ex.c 0x00000000   Number         0  stm32g0xx_hal_rcc_ex.o ABSOLUTE
    ..\Drivers\STM32G0xx_HAL_Driver\Src\stm32g0xx_hal_tim.c 0x00000000   Number         0  stm32g0xx_hal_tim.o ABSOLUTE
    ..\Drivers\STM32G0xx_HAL_Driver\Src\stm32g0xx_hal_tim_ex.c 0x00000000   Number         0  stm32g0xx_hal_tim_ex.o ABSOLUTE
    ..\\lib\\control_functions.c             0x00000000   Number         0  control_functions.o ABSOLUTE
    ..\\lib\\mc3416.c                        0x00000000   Number         0  mc3416.o ABSOLUTE
    ..\\lib\\timer.c                         0x00000000   Number         0  timer.o ABSOLUTE
    ..\lib\control_functions.c               0x00000000   Number         0  control_functions.o ABSOLUTE
    ..\lib\mc3416.c                          0x00000000   Number         0  mc3416.o ABSOLUTE
    ..\lib\timer.c                           0x00000000   Number         0  timer.o ABSOLUTE
    dc.s                                     0x00000000   Number         0  dc.o ABSOLUTE
    startup_stm32g031xx.s                    0x00000000   Number         0  startup_stm32g031xx.o ABSOLUTE
    RESET                                    0x08000000   Section      192  startup_stm32g031xx.o(RESET)
    !!!main                                  0x080000c0   Section        8  __main.o(!!!main)
    !!!scatter                               0x080000c8   Section       60  __scatter.o(!!!scatter)
    !!handler_copy                           0x08000104   Section       26  __scatter_copy.o(!!handler_copy)
    !!handler_zi                             0x08000120   Section       28  __scatter_zi.o(!!handler_zi)
    .ARM.Collect$$libinit$$00000000          0x0800013c   Section        2  libinit.o(.ARM.Collect$$libinit$$00000000)
    .ARM.Collect$$libinit$$00000002          0x0800013e   Section        0  libinit2.o(.ARM.Collect$$libinit$$00000002)
    .ARM.Collect$$libinit$$00000004          0x0800013e   Section        0  libinit2.o(.ARM.Collect$$libinit$$00000004)
    .ARM.Collect$$libinit$$0000000A          0x0800013e   Section        0  libinit2.o(.ARM.Collect$$libinit$$0000000A)
    .ARM.Collect$$libinit$$0000000C          0x0800013e   Section        0  libinit2.o(.ARM.Collect$$libinit$$0000000C)
    .ARM.Collect$$libinit$$0000000E          0x0800013e   Section        0  libinit2.o(.ARM.Collect$$libinit$$0000000E)
    .ARM.Collect$$libinit$$00000011          0x0800013e   Section        0  libinit2.o(.ARM.Collect$$libinit$$00000011)
    .ARM.Collect$$libinit$$00000013          0x0800013e   Section        0  libinit2.o(.ARM.Collect$$libinit$$00000013)
    .ARM.Collect$$libinit$$00000015          0x0800013e   Section        0  libinit2.o(.ARM.Collect$$libinit$$00000015)
    .ARM.Collect$$libinit$$00000017          0x0800013e   Section        0  libinit2.o(.ARM.Collect$$libinit$$00000017)
    .ARM.Collect$$libinit$$00000019          0x0800013e   Section        0  libinit2.o(.ARM.Collect$$libinit$$00000019)
    .ARM.Collect$$libinit$$0000001B          0x0800013e   Section        0  libinit2.o(.ARM.Collect$$libinit$$0000001B)
    .ARM.Collect$$libinit$$0000001D          0x0800013e   Section        0  libinit2.o(.ARM.Collect$$libinit$$0000001D)
    .ARM.Collect$$libinit$$0000001F          0x0800013e   Section        0  libinit2.o(.ARM.Collect$$libinit$$0000001F)
    .ARM.Collect$$libinit$$00000021          0x0800013e   Section        0  libinit2.o(.ARM.Collect$$libinit$$00000021)
    .ARM.Collect$$libinit$$00000023          0x0800013e   Section        0  libinit2.o(.ARM.Collect$$libinit$$00000023)
    .ARM.Collect$$libinit$$00000025          0x0800013e   Section        0  libinit2.o(.ARM.Collect$$libinit$$00000025)
    .ARM.Collect$$libinit$$0000002C          0x0800013e   Section        0  libinit2.o(.ARM.Collect$$libinit$$0000002C)
    .ARM.Collect$$libinit$$0000002E          0x0800013e   Section        0  libinit2.o(.ARM.Collect$$libinit$$0000002E)
    .ARM.Collect$$libinit$$00000030          0x0800013e   Section        0  libinit2.o(.ARM.Collect$$libinit$$00000030)
    .ARM.Collect$$libinit$$00000032          0x0800013e   Section        0  libinit2.o(.ARM.Collect$$libinit$$00000032)
    .ARM.Collect$$libinit$$00000033          0x0800013e   Section        2  libinit2.o(.ARM.Collect$$libinit$$00000033)
    .ARM.Collect$$libshutdown$$00000000      0x08000140   Section        2  libshutdown.o(.ARM.Collect$$libshutdown$$00000000)
    .ARM.Collect$$libshutdown$$00000002      0x08000142   Section        0  libshutdown2.o(.ARM.Collect$$libshutdown$$00000002)
    .ARM.Collect$$libshutdown$$00000004      0x08000142   Section        0  libshutdown2.o(.ARM.Collect$$libshutdown$$00000004)
    .ARM.Collect$$libshutdown$$00000006      0x08000142   Section        0  libshutdown2.o(.ARM.Collect$$libshutdown$$00000006)
    .ARM.Collect$$libshutdown$$00000009      0x08000142   Section        0  libshutdown2.o(.ARM.Collect$$libshutdown$$00000009)
    .ARM.Collect$$libshutdown$$0000000C      0x08000142   Section        0  libshutdown2.o(.ARM.Collect$$libshutdown$$0000000C)
    .ARM.Collect$$libshutdown$$0000000E      0x08000142   Section        0  libshutdown2.o(.ARM.Collect$$libshutdown$$0000000E)
    .ARM.Collect$$libshutdown$$00000011      0x08000142   Section        0  libshutdown2.o(.ARM.Collect$$libshutdown$$00000011)
    .ARM.Collect$$libshutdown$$00000012      0x08000142   Section        2  libshutdown2.o(.ARM.Collect$$libshutdown$$00000012)
    .ARM.Collect$$rtentry$$00000000          0x08000144   Section        0  __rtentry.o(.ARM.Collect$$rtentry$$00000000)
    .ARM.Collect$$rtentry$$00000002          0x08000144   Section        0  __rtentry2.o(.ARM.Collect$$rtentry$$00000002)
    .ARM.Collect$$rtentry$$00000004          0x08000144   Section        6  __rtentry4.o(.ARM.Collect$$rtentry$$00000004)
    .ARM.Collect$$rtentry$$00000009          0x0800014a   Section        0  __rtentry2.o(.ARM.Collect$$rtentry$$00000009)
    .ARM.Collect$$rtentry$$0000000A          0x0800014a   Section        4  __rtentry2.o(.ARM.Collect$$rtentry$$0000000A)
    .ARM.Collect$$rtentry$$0000000C          0x0800014e   Section        0  __rtentry2.o(.ARM.Collect$$rtentry$$0000000C)
    .ARM.Collect$$rtentry$$0000000D          0x0800014e   Section        8  __rtentry2.o(.ARM.Collect$$rtentry$$0000000D)
    .ARM.Collect$$rtexit$$00000000           0x08000156   Section        2  rtexit.o(.ARM.Collect$$rtexit$$00000000)
    .ARM.Collect$$rtexit$$00000002           0x08000158   Section        0  rtexit2.o(.ARM.Collect$$rtexit$$00000002)
    .ARM.Collect$$rtexit$$00000003           0x08000158   Section        4  rtexit2.o(.ARM.Collect$$rtexit$$00000003)
    .ARM.Collect$$rtexit$$00000004           0x0800015c   Section        6  rtexit2.o(.ARM.Collect$$rtexit$$00000004)
    .text                                    0x08000164   Section       56  startup_stm32g031xx.o(.text)
    .text                                    0x0800019c   Section        0  rt_memclr.o(.text)
    .text                                    0x080001dc   Section      346  aeabi_sdiv.o(.text)
    .text                                    0x08000336   Section        0  heapauxi.o(.text)
    .text                                    0x0800033c   Section        0  d2f.o(.text)
    .text                                    0x080003b8   Section        0  ddiv.o(.text)
    .text                                    0x08000800   Section        0  dfixi.o(.text)
    .text                                    0x0800086c   Section        0  dfixui.o(.text)
    .text                                    0x080008b4   Section        0  dflti.o(.text)
    .text                                    0x0800090c   Section        0  dmul.o(.text)
    .text                                    0x08000b54   Section        0  f2d.o(.text)
    .text                                    0x08000ba8   Section        0  fdiv.o(.text)
    .text                                    0x08000d08   Section        0  ffixi.o(.text)
    .text                                    0x08000d54   Section        0  fflti.o(.text)
    .text                                    0x08000db4   Section        0  dcmpin.o(.text)
    .text                                    0x08000e44   Section        0  fcmpin.o(.text)
    .text                                    0x08000ea8   Section        0  cmpret.o(.text)
    .text                                    0x08000ed8   Section        0  dnan2.o(.text)
    .text                                    0x08000eec   Section        0  fnan2.o(.text)
    .text                                    0x08000efc   Section       62  sys_stackheap_outer.o(.text)
    .text                                    0x08000f3a   Section        0  exit.o(.text)
    .text                                    0x08000f4a   Section        0  retnan.o(.text)
    .text                                    0x08000fa8   Section        8  libspace.o(.text)
    .text                                    0x08000fb0   Section        0  sys_exit.o(.text)
    .text                                    0x08000fbc   Section        2  use_no_semi.o(.text)
    .text                                    0x08000fbe   Section        0  indicate_semi.o(.text)
    i.ADC_ConversionStop                     0x08000fc0   Section        0  stm32g0xx_hal_adc.o(i.ADC_ConversionStop)
    i.ADC_DMAConvCplt                        0x08001030   Section        0  stm32g0xx_hal_adc.o(i.ADC_DMAConvCplt)
    ADC_DMAConvCplt                          0x08001031   Thumb Code   144  stm32g0xx_hal_adc.o(i.ADC_DMAConvCplt)
    i.ADC_DMAError                           0x080010c0   Section        0  stm32g0xx_hal_adc.o(i.ADC_DMAError)
    ADC_DMAError                             0x080010c1   Thumb Code    30  stm32g0xx_hal_adc.o(i.ADC_DMAError)
    i.ADC_DMAHalfConvCplt                    0x080010de   Section        0  stm32g0xx_hal_adc.o(i.ADC_DMAHalfConvCplt)
    ADC_DMAHalfConvCplt                      0x080010df   Thumb Code    14  stm32g0xx_hal_adc.o(i.ADC_DMAHalfConvCplt)
    i.ADC_Disable                            0x080010ec   Section        0  stm32g0xx_hal_adc.o(i.ADC_Disable)
    i.ADC_Enable                             0x08001178   Section        0  stm32g0xx_hal_adc.o(i.ADC_Enable)
    i.DMA1_Channel1_IRQHandler               0x08001250   Section        0  stm32g0xx_it.o(i.DMA1_Channel1_IRQHandler)
    i.DMA_CalcDMAMUXChannelBaseAndMask       0x08001260   Section        0  stm32g0xx_hal_dma.o(i.DMA_CalcDMAMUXChannelBaseAndMask)
    DMA_CalcDMAMUXChannelBaseAndMask         0x08001261   Thumb Code    48  stm32g0xx_hal_dma.o(i.DMA_CalcDMAMUXChannelBaseAndMask)
    i.DMA_CalcDMAMUXRequestGenBaseAndMask    0x08001294   Section        0  stm32g0xx_hal_dma.o(i.DMA_CalcDMAMUXRequestGenBaseAndMask)
    DMA_CalcDMAMUXRequestGenBaseAndMask      0x08001295   Thumb Code    36  stm32g0xx_hal_dma.o(i.DMA_CalcDMAMUXRequestGenBaseAndMask)
    i.DMA_SetConfig                          0x080012bc   Section        0  stm32g0xx_hal_dma.o(i.DMA_SetConfig)
    DMA_SetConfig                            0x080012bd   Thumb Code    70  stm32g0xx_hal_dma.o(i.DMA_SetConfig)
    i.EXTI0_1_IRQHandler                     0x08001308   Section        0  stm32g0xx_it.o(i.EXTI0_1_IRQHandler)
    i.Error_Handler                          0x08001360   Section        0  main.o(i.Error_Handler)
    i.HAL_ADC_ConfigChannel                  0x08001368   Section        0  stm32g0xx_hal_adc.o(i.HAL_ADC_ConfigChannel)
    i.HAL_ADC_ConvCpltCallback               0x080016c4   Section        0  control_functions.o(i.HAL_ADC_ConvCpltCallback)
    i.HAL_ADC_ConvHalfCpltCallback           0x080017d4   Section        0  stm32g0xx_hal_adc.o(i.HAL_ADC_ConvHalfCpltCallback)
    i.HAL_ADC_ErrorCallback                  0x080017d6   Section        0  stm32g0xx_hal_adc.o(i.HAL_ADC_ErrorCallback)
    i.HAL_ADC_Init                           0x080017d8   Section        0  stm32g0xx_hal_adc.o(i.HAL_ADC_Init)
    i.HAL_ADC_MspInit                        0x08001a64   Section        0  stm32g0xx_hal_msp.o(i.HAL_ADC_MspInit)
    i.HAL_ADC_Start_DMA                      0x08001ae0   Section        0  stm32g0xx_hal_adc.o(i.HAL_ADC_Start_DMA)
    i.HAL_ADC_Stop_DMA                       0x08001ba8   Section        0  stm32g0xx_hal_adc.o(i.HAL_ADC_Stop_DMA)
    i.HAL_DMA_Abort                          0x08001c30   Section        0  stm32g0xx_hal_dma.o(i.HAL_DMA_Abort)
    i.HAL_DMA_IRQHandler                     0x08001cc0   Section        0  stm32g0xx_hal_dma.o(i.HAL_DMA_IRQHandler)
    i.HAL_DMA_Init                           0x08001dd4   Section        0  stm32g0xx_hal_dma.o(i.HAL_DMA_Init)
    i.HAL_DMA_Start_IT                       0x08001e8c   Section        0  stm32g0xx_hal_dma.o(i.HAL_DMA_Start_IT)
    i.HAL_Delay                              0x08001f50   Section        0  stm32g0xx_hal.o(i.HAL_Delay)
    i.HAL_GPIO_EXTI_Falling_Callback         0x08001f7c   Section        0  stm32g0xx_hal_gpio.o(i.HAL_GPIO_EXTI_Falling_Callback)
    i.HAL_GPIO_EXTI_IRQHandler               0x08001f80   Section        0  stm32g0xx_hal_gpio.o(i.HAL_GPIO_EXTI_IRQHandler)
    i.HAL_GPIO_EXTI_Rising_Callback          0x08001fb4   Section        0  stm32g0xx_hal_gpio.o(i.HAL_GPIO_EXTI_Rising_Callback)
    i.HAL_GPIO_Init                          0x08001fb8   Section        0  stm32g0xx_hal_gpio.o(i.HAL_GPIO_Init)
    i.HAL_GPIO_WritePin                      0x08002190   Section        0  stm32g0xx_hal_gpio.o(i.HAL_GPIO_WritePin)
    i.HAL_GetTick                            0x0800219c   Section        0  stm32g0xx_hal.o(i.HAL_GetTick)
    i.HAL_I2CEx_ConfigAnalogFilter           0x080021a8   Section        0  stm32g0xx_hal_i2c_ex.o(i.HAL_I2CEx_ConfigAnalogFilter)
    i.HAL_I2CEx_ConfigDigitalFilter          0x08002208   Section        0  stm32g0xx_hal_i2c_ex.o(i.HAL_I2CEx_ConfigDigitalFilter)
    i.HAL_I2CEx_EnableFastModePlus           0x0800226c   Section        0  stm32g0xx_hal_i2c_ex.o(i.HAL_I2CEx_EnableFastModePlus)
    i.HAL_I2C_Init                           0x080022a0   Section        0  stm32g0xx_hal_i2c.o(i.HAL_I2C_Init)
    i.HAL_I2C_Master_Transmit                0x08002368   Section        0  stm32g0xx_hal_i2c.o(i.HAL_I2C_Master_Transmit)
    i.HAL_I2C_Mem_Read                       0x080024c4   Section        0  stm32g0xx_hal_i2c.o(i.HAL_I2C_Mem_Read)
    i.HAL_I2C_MspInit                        0x0800265c   Section        0  stm32g0xx_hal_msp.o(i.HAL_I2C_MspInit)
    i.HAL_IWDG_Init                          0x080026f8   Section        0  stm32g0xx_hal_iwdg.o(i.HAL_IWDG_Init)
    i.HAL_IWDG_Refresh                       0x08002774   Section        0  stm32g0xx_hal_iwdg.o(i.HAL_IWDG_Refresh)
    i.HAL_IncTick                            0x08002784   Section        0  stm32g0xx_hal.o(i.HAL_IncTick)
    i.HAL_Init                               0x0800279c   Section        0  stm32g0xx_hal.o(i.HAL_Init)
    i.HAL_InitTick                           0x080027c8   Section        0  stm32g0xx_hal.o(i.HAL_InitTick)
    i.HAL_MspInit                            0x08002828   Section        0  stm32g0xx_hal_msp.o(i.HAL_MspInit)
    i.HAL_NVIC_EnableIRQ                     0x0800286c   Section        0  stm32g0xx_hal_cortex.o(i.HAL_NVIC_EnableIRQ)
    i.HAL_NVIC_SetPriority                   0x08002890   Section        0  stm32g0xx_hal_cortex.o(i.HAL_NVIC_SetPriority)
    i.HAL_PWREx_ControlVoltageScaling        0x080028a4   Section        0  stm32g0xx_hal_pwr_ex.o(i.HAL_PWREx_ControlVoltageScaling)
    i.HAL_RCCEx_PeriphCLKConfig              0x080028fc   Section        0  stm32g0xx_hal_rcc_ex.o(i.HAL_RCCEx_PeriphCLKConfig)
    i.HAL_RCC_ClockConfig                    0x08002b7c   Section        0  stm32g0xx_hal_rcc.o(i.HAL_RCC_ClockConfig)
    i.HAL_RCC_GetSysClockFreq                0x08002d50   Section        0  stm32g0xx_hal_rcc.o(i.HAL_RCC_GetSysClockFreq)
    i.HAL_RCC_OscConfig                      0x08002e34   Section        0  stm32g0xx_hal_rcc.o(i.HAL_RCC_OscConfig)
    i.HAL_SYSTICK_Config                     0x080033f0   Section        0  stm32g0xx_hal_cortex.o(i.HAL_SYSTICK_Config)
    i.HAL_TIMEx_Break2Callback               0x08003428   Section        0  stm32g0xx_hal_tim_ex.o(i.HAL_TIMEx_Break2Callback)
    i.HAL_TIMEx_BreakCallback                0x0800342a   Section        0  stm32g0xx_hal_tim_ex.o(i.HAL_TIMEx_BreakCallback)
    i.HAL_TIMEx_CommutCallback               0x0800342c   Section        0  stm32g0xx_hal_tim_ex.o(i.HAL_TIMEx_CommutCallback)
    i.HAL_TIMEx_MasterConfigSynchronization  0x08003430   Section        0  stm32g0xx_hal_tim_ex.o(i.HAL_TIMEx_MasterConfigSynchronization)
    i.HAL_TIM_Base_Init                      0x080034bc   Section        0  stm32g0xx_hal_tim.o(i.HAL_TIM_Base_Init)
    i.HAL_TIM_Base_MspInit                   0x0800350c   Section        0  stm32g0xx_hal_msp.o(i.HAL_TIM_Base_MspInit)
    i.HAL_TIM_Base_Start_IT                  0x080035f4   Section        0  stm32g0xx_hal_tim.o(i.HAL_TIM_Base_Start_IT)
    i.HAL_TIM_ConfigClockSource              0x08003668   Section        0  stm32g0xx_hal_tim.o(i.HAL_TIM_ConfigClockSource)
    i.HAL_TIM_IC_CaptureCallback             0x08003778   Section        0  control_functions.o(i.HAL_TIM_IC_CaptureCallback)
    i.HAL_TIM_IC_ConfigChannel               0x08003974   Section        0  stm32g0xx_hal_tim.o(i.HAL_TIM_IC_ConfigChannel)
    i.HAL_TIM_IC_Init                        0x08003a50   Section        0  stm32g0xx_hal_tim.o(i.HAL_TIM_IC_Init)
    i.HAL_TIM_IC_MspInit                     0x08003a9e   Section        0  stm32g0xx_hal_tim.o(i.HAL_TIM_IC_MspInit)
    i.HAL_TIM_IC_Start_IT                    0x08003aa0   Section        0  stm32g0xx_hal_tim.o(i.HAL_TIM_IC_Start_IT)
    i.HAL_TIM_IRQHandler                     0x08003c0c   Section        0  stm32g0xx_hal_tim.o(i.HAL_TIM_IRQHandler)
    i.HAL_TIM_OC_DelayElapsedCallback        0x08003e04   Section        0  stm32g0xx_hal_tim.o(i.HAL_TIM_OC_DelayElapsedCallback)
    i.HAL_TIM_PWM_PulseFinishedCallback      0x08003e06   Section        0  stm32g0xx_hal_tim.o(i.HAL_TIM_PWM_PulseFinishedCallback)
    i.HAL_TIM_PeriodElapsedCallback          0x08003e08   Section        0  stm32g0xx_hal_tim.o(i.HAL_TIM_PeriodElapsedCallback)
    i.HAL_TIM_ReadCapturedValue              0x08003e0a   Section        0  stm32g0xx_hal_tim.o(i.HAL_TIM_ReadCapturedValue)
    i.HAL_TIM_TriggerCallback                0x08003e3e   Section        0  stm32g0xx_hal_tim.o(i.HAL_TIM_TriggerCallback)
    i.HardFault_Handler                      0x08003e40   Section        0  stm32g0xx_it.o(i.HardFault_Handler)
    i.I2C_Flush_TXDR                         0x08003e44   Section        0  stm32g0xx_hal_i2c.o(i.I2C_Flush_TXDR)
    I2C_Flush_TXDR                           0x08003e45   Thumb Code    50  stm32g0xx_hal_i2c.o(i.I2C_Flush_TXDR)
    i.I2C_IsErrorOccurred                    0x08003e78   Section        0  stm32g0xx_hal_i2c.o(i.I2C_IsErrorOccurred)
    I2C_IsErrorOccurred                      0x08003e79   Thumb Code   336  stm32g0xx_hal_i2c.o(i.I2C_IsErrorOccurred)
    i.I2C_RequestMemoryRead                  0x08003fcc   Section        0  stm32g0xx_hal_i2c.o(i.I2C_RequestMemoryRead)
    I2C_RequestMemoryRead                    0x08003fcd   Thumb Code   124  stm32g0xx_hal_i2c.o(i.I2C_RequestMemoryRead)
    i.I2C_TransferConfig                     0x0800404c   Section        0  stm32g0xx_hal_i2c.o(i.I2C_TransferConfig)
    I2C_TransferConfig                       0x0800404d   Thumb Code    56  stm32g0xx_hal_i2c.o(i.I2C_TransferConfig)
    i.I2C_WaitOnFlagUntilTimeout             0x08004088   Section        0  stm32g0xx_hal_i2c.o(i.I2C_WaitOnFlagUntilTimeout)
    I2C_WaitOnFlagUntilTimeout               0x08004089   Thumb Code    84  stm32g0xx_hal_i2c.o(i.I2C_WaitOnFlagUntilTimeout)
    i.I2C_WaitOnSTOPFlagUntilTimeout         0x080040dc   Section        0  stm32g0xx_hal_i2c.o(i.I2C_WaitOnSTOPFlagUntilTimeout)
    I2C_WaitOnSTOPFlagUntilTimeout           0x080040dd   Thumb Code    86  stm32g0xx_hal_i2c.o(i.I2C_WaitOnSTOPFlagUntilTimeout)
    i.I2C_WaitOnTXISFlagUntilTimeout         0x08004132   Section        0  stm32g0xx_hal_i2c.o(i.I2C_WaitOnTXISFlagUntilTimeout)
    I2C_WaitOnTXISFlagUntilTimeout           0x08004133   Thumb Code    92  stm32g0xx_hal_i2c.o(i.I2C_WaitOnTXISFlagUntilTimeout)
    i.LL_ADC_Disable                         0x08004190   Section        0  stm32g0xx_hal_adc.o(i.LL_ADC_Disable)
    LL_ADC_Disable                           0x08004191   Thumb Code    12  stm32g0xx_hal_adc.o(i.LL_ADC_Disable)
    i.LL_ADC_Enable                          0x080041a0   Section        0  stm32g0xx_hal_adc.o(i.LL_ADC_Enable)
    LL_ADC_Enable                            0x080041a1   Thumb Code    12  stm32g0xx_hal_adc.o(i.LL_ADC_Enable)
    i.LL_ADC_GetCommonPathInternalCh         0x080041b0   Section        0  stm32g0xx_hal_adc.o(i.LL_ADC_GetCommonPathInternalCh)
    LL_ADC_GetCommonPathInternalCh           0x080041b1   Thumb Code    12  stm32g0xx_hal_adc.o(i.LL_ADC_GetCommonPathInternalCh)
    i.LL_ADC_IsDisableOngoing                0x080041bc   Section        0  stm32g0xx_hal_adc.o(i.LL_ADC_IsDisableOngoing)
    LL_ADC_IsDisableOngoing                  0x080041bd   Thumb Code    12  stm32g0xx_hal_adc.o(i.LL_ADC_IsDisableOngoing)
    i.LL_ADC_IsEnabled                       0x080041c8   Section        0  stm32g0xx_hal_adc.o(i.LL_ADC_IsEnabled)
    LL_ADC_IsEnabled                         0x080041c9   Thumb Code    16  stm32g0xx_hal_adc.o(i.LL_ADC_IsEnabled)
    i.LL_ADC_IsInternalRegulatorEnabled      0x080041d8   Section        0  stm32g0xx_hal_adc.o(i.LL_ADC_IsInternalRegulatorEnabled)
    LL_ADC_IsInternalRegulatorEnabled        0x080041d9   Thumb Code    14  stm32g0xx_hal_adc.o(i.LL_ADC_IsInternalRegulatorEnabled)
    i.LL_ADC_REG_IsConversionOngoing         0x080041e6   Section        0  stm32g0xx_hal_adc.o(i.LL_ADC_REG_IsConversionOngoing)
    LL_ADC_REG_IsConversionOngoing           0x080041e7   Thumb Code    12  stm32g0xx_hal_adc.o(i.LL_ADC_REG_IsConversionOngoing)
    i.LL_ADC_REG_IsTriggerSourceSWStart      0x080041f2   Section        0  stm32g0xx_hal_adc.o(i.LL_ADC_REG_IsTriggerSourceSWStart)
    LL_ADC_REG_IsTriggerSourceSWStart        0x080041f3   Thumb Code    22  stm32g0xx_hal_adc.o(i.LL_ADC_REG_IsTriggerSourceSWStart)
    i.LL_ADC_REG_StartConversion             0x08004208   Section        0  stm32g0xx_hal_adc.o(i.LL_ADC_REG_StartConversion)
    LL_ADC_REG_StartConversion               0x08004209   Thumb Code    12  stm32g0xx_hal_adc.o(i.LL_ADC_REG_StartConversion)
    i.LL_ADC_SetCommonPathInternalCh         0x08004218   Section        0  stm32g0xx_hal_adc.o(i.LL_ADC_SetCommonPathInternalCh)
    LL_ADC_SetCommonPathInternalCh           0x08004219   Thumb Code    14  stm32g0xx_hal_adc.o(i.LL_ADC_SetCommonPathInternalCh)
    i.LL_ADC_SetSamplingTimeCommonChannels   0x08004226   Section        0  stm32g0xx_hal_adc.o(i.LL_ADC_SetSamplingTimeCommonChannels)
    LL_ADC_SetSamplingTimeCommonChannels     0x08004227   Thumb Code    30  stm32g0xx_hal_adc.o(i.LL_ADC_SetSamplingTimeCommonChannels)
    i.MC3416Read                             0x08004244   Section        0  mc3416.o(i.MC3416Read)
    i.MC34X9_Init                            0x0800442c   Section        0  mc3416.o(i.MC34X9_Init)
    i.MX_ADC1_Init                           0x080045b4   Section        0  main.o(i.MX_ADC1_Init)
    MX_ADC1_Init                             0x080045b5   Thumb Code   166  main.o(i.MX_ADC1_Init)
    i.MX_DMA_Init                            0x08004670   Section        0  main.o(i.MX_DMA_Init)
    MX_DMA_Init                              0x08004671   Thumb Code    48  main.o(i.MX_DMA_Init)
    i.MX_GPIO_Init                           0x080046a4   Section        0  main.o(i.MX_GPIO_Init)
    MX_GPIO_Init                             0x080046a5   Thumb Code   152  main.o(i.MX_GPIO_Init)
    i.MX_I2C1_Init                           0x08004740   Section        0  main.o(i.MX_I2C1_Init)
    MX_I2C1_Init                             0x08004741   Thumb Code    88  main.o(i.MX_I2C1_Init)
    i.MX_IWDG_Init                           0x080047a4   Section        0  main.o(i.MX_IWDG_Init)
    MX_IWDG_Init                             0x080047a5   Thumb Code    34  main.o(i.MX_IWDG_Init)
    i.MX_TIM14_Init                          0x080047d4   Section        0  main.o(i.MX_TIM14_Init)
    MX_TIM14_Init                            0x080047d5   Thumb Code    44  main.o(i.MX_TIM14_Init)
    i.MX_TIM1_Init                           0x08004808   Section        0  main.o(i.MX_TIM1_Init)
    MX_TIM1_Init                             0x08004809   Thumb Code   188  main.o(i.MX_TIM1_Init)
    i.NMI_Handler                            0x080048d0   Section        0  stm32g0xx_it.o(i.NMI_Handler)
    i.PendSV_Handler                         0x080048d4   Section        0  stm32g0xx_it.o(i.PendSV_Handler)
    i.SVC_Handler                            0x080048d6   Section        0  stm32g0xx_it.o(i.SVC_Handler)
    i.SysTick_Handler                        0x080048d8   Section        0  stm32g0xx_it.o(i.SysTick_Handler)
    i.SystemClock_Config                     0x080048e0   Section        0  main.o(i.SystemClock_Config)
    i.SystemInit                             0x08004960   Section        0  system_stm32g0xx.o(i.SystemInit)
    i.TIM14_IRQHandler                       0x08004964   Section        0  stm32g0xx_it.o(i.TIM14_IRQHandler)
    i.TIM1_CC_IRQHandler                     0x0800497c   Section        0  stm32g0xx_it.o(i.TIM1_CC_IRQHandler)
    i.TIM_Base_SetConfig                     0x0800498c   Section        0  stm32g0xx_hal_tim.o(i.TIM_Base_SetConfig)
    i.TIM_CCxChannelCmd                      0x08004a2c   Section        0  stm32g0xx_hal_tim.o(i.TIM_CCxChannelCmd)
    i.TIM_ETR_SetConfig                      0x08004a4e   Section        0  stm32g0xx_hal_tim.o(i.TIM_ETR_SetConfig)
    i.TIM_ITRx_SetConfig                     0x08004a6c   Section        0  stm32g0xx_hal_tim.o(i.TIM_ITRx_SetConfig)
    TIM_ITRx_SetConfig                       0x08004a6d   Thumb Code    18  stm32g0xx_hal_tim.o(i.TIM_ITRx_SetConfig)
    i.TIM_TI1_ConfigInputStage               0x08004a84   Section        0  stm32g0xx_hal_tim.o(i.TIM_TI1_ConfigInputStage)
    TIM_TI1_ConfigInputStage                 0x08004a85   Thumb Code    50  stm32g0xx_hal_tim.o(i.TIM_TI1_ConfigInputStage)
    i.TIM_TI1_SetConfig                      0x08004ab8   Section        0  stm32g0xx_hal_tim.o(i.TIM_TI1_SetConfig)
    i.TIM_TI2_ConfigInputStage               0x08004b20   Section        0  stm32g0xx_hal_tim.o(i.TIM_TI2_ConfigInputStage)
    TIM_TI2_ConfigInputStage                 0x08004b21   Thumb Code    50  stm32g0xx_hal_tim.o(i.TIM_TI2_ConfigInputStage)
    i.TIM_TI2_SetConfig                      0x08004b52   Section        0  stm32g0xx_hal_tim.o(i.TIM_TI2_SetConfig)
    TIM_TI2_SetConfig                        0x08004b53   Thumb Code    72  stm32g0xx_hal_tim.o(i.TIM_TI2_SetConfig)
    i.TIM_TI3_SetConfig                      0x08004b9a   Section        0  stm32g0xx_hal_tim.o(i.TIM_TI3_SetConfig)
    TIM_TI3_SetConfig                        0x08004b9b   Thumb Code    70  stm32g0xx_hal_tim.o(i.TIM_TI3_SetConfig)
    i.TIM_TI4_SetConfig                      0x08004be0   Section        0  stm32g0xx_hal_tim.o(i.TIM_TI4_SetConfig)
    TIM_TI4_SetConfig                        0x08004be1   Thumb Code    78  stm32g0xx_hal_tim.o(i.TIM_TI4_SetConfig)
    i.__NVIC_SetPriority                     0x08004c30   Section        0  stm32g0xx_hal_cortex.o(i.__NVIC_SetPriority)
    __NVIC_SetPriority                       0x08004c31   Thumb Code   110  stm32g0xx_hal_cortex.o(i.__NVIC_SetPriority)
    i.check_PWM                              0x08004ca8   Section        0  control_functions.o(i.check_PWM)
    i.check_voltage                          0x08004d7c   Section        0  control_functions.o(i.check_voltage)
    i.control_explosion                      0x08004dd4   Section        0  control_functions.o(i.control_explosion)
    i.control_supercapacitor                 0x08004dfe   Section        0  control_functions.o(i.control_supercapacitor)
    i.main                                   0x08004e38   Section        0  main.o(i.main)
    i.timeout_charge                         0x08005168   Section        0  timer.o(i.timeout_charge)
    i.timer_1ms_tick                         0x080051c4   Section        0  timer.o(i.timer_1ms_tick)
    x$fpl$dleqf                              0x080051d0   Section      100  dlef.o(x$fpl$dleqf)
    x$fpl$drleqf                             0x08005234   Section      104  drlef.o(x$fpl$drleqf)
    x$fpl$fleqf                              0x0800529c   Section       84  flef.o(x$fpl$fleqf)
    x$fpl$fmul                               0x080052f0   Section      176  fmul.o(x$fpl$fmul)
    .constdata                               0x080053a0   Section      104  system_stm32g0xx.o(.constdata)
    x$fpl$usenofp                            0x080053a0   Section        0  usenofp.o(x$fpl$usenofp)
    CHANNEL_OFFSET_TAB                       0x080053a0   Data           5  system_stm32g0xx.o(.constdata)
    .constdata                               0x08005408   Section      128  ddiv.o(.constdata)
    ddiv_reciptbl                            0x08005408   Data         128  ddiv.o(.constdata)
    .constdata                               0x08005488   Section       64  fdiv.o(.constdata)
    fdiv_tab                                 0x08005488   Data          64  fdiv.o(.constdata)
    .data                                    0x20000000   Section        8  main.o(.data)
    .data                                    0x20000008   Section       12  stm32g0xx_hal.o(.data)
    .data                                    0x20000014   Section        4  system_stm32g0xx.o(.data)
    .data                                    0x20000018   Section        4  control_functions.o(.data)
    tmp_last_cmd                             0x20000018   Data           4  control_functions.o(.data)
    .data                                    0x2000001c   Section        8  timer.o(.data)
    timout_charge                            0x2000001c   Data           4  timer.o(.data)
    timout_discharge                         0x20000020   Data           4  timer.o(.data)
    .bss                                     0x20000028   Section      656  main.o(.bss)
    .bss                                     0x200002b8   Section       96  libspace.o(.bss)
    HEAP                                     0x20000318   Section     1024  startup_stm32g031xx.o(HEAP)
    Heap_Mem                                 0x20000318   Data        1024  startup_stm32g031xx.o(HEAP)
    STACK                                    0x20000718   Section     1536  startup_stm32g031xx.o(STACK)
    Stack_Mem                                0x20000718   Data        1536  startup_stm32g031xx.o(STACK)
    __initial_sp                             0x20000d18   Data           0  startup_stm32g031xx.o(STACK)

    Global Symbols

    Symbol Name                              Value     Ov Type        Size  Object(Section)

    BuildAttributes$$THM_ISAv3M$S$PE$A:L22$X:L11$S22$IEEE1$IW$USESV6$~STKCKD$USESV7$ENUMINT$~SHL$OSPACE$ROPI$EBA8$UX$STANDARDLIB$REQ8$PRES8$EABIv2 0x00000000   Number         0  anon$$obj.o ABSOLUTE
    __ARM_use_no_argv                        0x00000000   Number         0  main.o ABSOLUTE
    __ARM_exceptions_init                     - Undefined Weak Reference
    __alloca_initialize                       - Undefined Weak Reference
    __arm_fini_                               - Undefined Weak Reference
    __arm_preinit_                            - Undefined Weak Reference
    __cpp_initialize__aeabi_                  - Undefined Weak Reference
    __cxa_finalize                            - Undefined Weak Reference
    __rt_locale                               - Undefined Weak Reference
    __sigvec_lookup                           - Undefined Weak Reference
    _atexit_init                              - Undefined Weak Reference
    _call_atexit_fns                          - Undefined Weak Reference
    _clock_init                               - Undefined Weak Reference
    _fp_trap_init                             - Undefined Weak Reference
    _fp_trap_shutdown                         - Undefined Weak Reference
    _get_lc_collate                           - Undefined Weak Reference
    _get_lc_ctype                             - Undefined Weak Reference
    _get_lc_monetary                          - Undefined Weak Reference
    _get_lc_numeric                           - Undefined Weak Reference
    _get_lc_time                              - Undefined Weak Reference
    _getenv_init                              - Undefined Weak Reference
    _handle_redirection                       - Undefined Weak Reference
    _init_alloc                               - Undefined Weak Reference
    _init_user_alloc                          - Undefined Weak Reference
    _initio                                   - Undefined Weak Reference
    _rand_init                                - Undefined Weak Reference
    _signal_finish                            - Undefined Weak Reference
    _signal_init                              - Undefined Weak Reference
    _terminate_alloc                          - Undefined Weak Reference
    _terminate_user_alloc                     - Undefined Weak Reference
    _terminateio                              - Undefined Weak Reference
    __Vectors_Size                           0x000000c0   Number         0  startup_stm32g031xx.o ABSOLUTE
    __Vectors                                0x08000000   Data           4  startup_stm32g031xx.o(RESET)
    __Vectors_End                            0x080000c0   Data           0  startup_stm32g031xx.o(RESET)
    __main                                   0x080000c1   Thumb Code     8  __main.o(!!!main)
    __scatterload                            0x080000c9   Thumb Code     0  __scatter.o(!!!scatter)
    __scatterload_rt2                        0x080000c9   Thumb Code    52  __scatter.o(!!!scatter)
    __scatterload_rt2_thumb_only             0x080000c9   Thumb Code     0  __scatter.o(!!!scatter)
    __scatterload_null                       0x080000d9   Thumb Code     0  __scatter.o(!!!scatter)
    __scatterload_copy                       0x08000105   Thumb Code    26  __scatter_copy.o(!!handler_copy)
    __scatterload_zeroinit                   0x08000121   Thumb Code    28  __scatter_zi.o(!!handler_zi)
    __rt_lib_init                            0x0800013d   Thumb Code     0  libinit.o(.ARM.Collect$$libinit$$00000000)
    __rt_lib_init_alloca_1                   0x0800013f   Thumb Code     0  libinit2.o(.ARM.Collect$$libinit$$0000002E)
    __rt_lib_init_argv_1                     0x0800013f   Thumb Code     0  libinit2.o(.ARM.Collect$$libinit$$0000002C)
    __rt_lib_init_atexit_1                   0x0800013f   Thumb Code     0  libinit2.o(.ARM.Collect$$libinit$$0000001B)
    __rt_lib_init_clock_1                    0x0800013f   Thumb Code     0  libinit2.o(.ARM.Collect$$libinit$$00000021)
    __rt_lib_init_cpp_1                      0x0800013f   Thumb Code     0  libinit2.o(.ARM.Collect$$libinit$$00000032)
    __rt_lib_init_exceptions_1               0x0800013f   Thumb Code     0  libinit2.o(.ARM.Collect$$libinit$$00000030)
    __rt_lib_init_fp_1                       0x0800013f   Thumb Code     0  libinit2.o(.ARM.Collect$$libinit$$00000002)
    __rt_lib_init_fp_trap_1                  0x0800013f   Thumb Code     0  libinit2.o(.ARM.Collect$$libinit$$0000001F)
    __rt_lib_init_getenv_1                   0x0800013f   Thumb Code     0  libinit2.o(.ARM.Collect$$libinit$$00000023)
    __rt_lib_init_heap_1                     0x0800013f   Thumb Code     0  libinit2.o(.ARM.Collect$$libinit$$0000000A)
    __rt_lib_init_lc_collate_1               0x0800013f   Thumb Code     0  libinit2.o(.ARM.Collect$$libinit$$00000011)
    __rt_lib_init_lc_ctype_1                 0x0800013f   Thumb Code     0  libinit2.o(.ARM.Collect$$libinit$$00000013)
    __rt_lib_init_lc_monetary_1              0x0800013f   Thumb Code     0  libinit2.o(.ARM.Collect$$libinit$$00000015)
    __rt_lib_init_lc_numeric_1               0x0800013f   Thumb Code     0  libinit2.o(.ARM.Collect$$libinit$$00000017)
    __rt_lib_init_lc_time_1                  0x0800013f   Thumb Code     0  libinit2.o(.ARM.Collect$$libinit$$00000019)
    __rt_lib_init_preinit_1                  0x0800013f   Thumb Code     0  libinit2.o(.ARM.Collect$$libinit$$00000004)
    __rt_lib_init_rand_1                     0x0800013f   Thumb Code     0  libinit2.o(.ARM.Collect$$libinit$$0000000E)
    __rt_lib_init_return                     0x0800013f   Thumb Code     0  libinit2.o(.ARM.Collect$$libinit$$00000033)
    __rt_lib_init_signal_1                   0x0800013f   Thumb Code     0  libinit2.o(.ARM.Collect$$libinit$$0000001D)
    __rt_lib_init_stdio_1                    0x0800013f   Thumb Code     0  libinit2.o(.ARM.Collect$$libinit$$00000025)
    __rt_lib_init_user_alloc_1               0x0800013f   Thumb Code     0  libinit2.o(.ARM.Collect$$libinit$$0000000C)
    __rt_lib_shutdown                        0x08000141   Thumb Code     0  libshutdown.o(.ARM.Collect$$libshutdown$$00000000)
    __rt_lib_shutdown_cpp_1                  0x08000143   Thumb Code     0  libshutdown2.o(.ARM.Collect$$libshutdown$$00000004)
    __rt_lib_shutdown_fini_1                 0x08000143   Thumb Code     0  libshutdown2.o(.ARM.Collect$$libshutdown$$00000002)
    __rt_lib_shutdown_fp_trap_1              0x08000143   Thumb Code     0  libshutdown2.o(.ARM.Collect$$libshutdown$$00000009)
    __rt_lib_shutdown_heap_1                 0x08000143   Thumb Code     0  libshutdown2.o(.ARM.Collect$$libshutdown$$00000011)
    __rt_lib_shutdown_return                 0x08000143   Thumb Code     0  libshutdown2.o(.ARM.Collect$$libshutdown$$00000012)
    __rt_lib_shutdown_signal_1               0x08000143   Thumb Code     0  libshutdown2.o(.ARM.Collect$$libshutdown$$0000000C)
    __rt_lib_shutdown_stdio_1                0x08000143   Thumb Code     0  libshutdown2.o(.ARM.Collect$$libshutdown$$00000006)
    __rt_lib_shutdown_user_alloc_1           0x08000143   Thumb Code     0  libshutdown2.o(.ARM.Collect$$libshutdown$$0000000E)
    __rt_entry                               0x08000145   Thumb Code     0  __rtentry.o(.ARM.Collect$$rtentry$$00000000)
    __rt_entry_presh_1                       0x08000145   Thumb Code     0  __rtentry2.o(.ARM.Collect$$rtentry$$00000002)
    __rt_entry_sh                            0x08000145   Thumb Code     0  __rtentry4.o(.ARM.Collect$$rtentry$$00000004)
    __rt_entry_li                            0x0800014b   Thumb Code     0  __rtentry2.o(.ARM.Collect$$rtentry$$0000000A)
    __rt_entry_postsh_1                      0x0800014b   Thumb Code     0  __rtentry2.o(.ARM.Collect$$rtentry$$00000009)
    __rt_entry_main                          0x0800014f   Thumb Code     0  __rtentry2.o(.ARM.Collect$$rtentry$$0000000D)
    __rt_entry_postli_1                      0x0800014f   Thumb Code     0  __rtentry2.o(.ARM.Collect$$rtentry$$0000000C)
    __rt_exit                                0x08000157   Thumb Code     0  rtexit.o(.ARM.Collect$$rtexit$$00000000)
    __rt_exit_ls                             0x08000159   Thumb Code     0  rtexit2.o(.ARM.Collect$$rtexit$$00000003)
    __rt_exit_prels_1                        0x08000159   Thumb Code     0  rtexit2.o(.ARM.Collect$$rtexit$$00000002)
    __rt_exit_exit                           0x0800015d   Thumb Code     0  rtexit2.o(.ARM.Collect$$rtexit$$00000004)
    Reset_Handler                            0x08000165   Thumb Code     8  startup_stm32g031xx.o(.text)
    ADC1_IRQHandler                          0x08000177   Thumb Code     0  startup_stm32g031xx.o(.text)
    DMA1_Ch4_5_DMAMUX1_OVR_IRQHandler        0x08000177   Thumb Code     0  startup_stm32g031xx.o(.text)
    DMA1_Channel2_3_IRQHandler               0x08000177   Thumb Code     0  startup_stm32g031xx.o(.text)
    EXTI2_3_IRQHandler                       0x08000177   Thumb Code     0  startup_stm32g031xx.o(.text)
    EXTI4_15_IRQHandler                      0x08000177   Thumb Code     0  startup_stm32g031xx.o(.text)
    FLASH_IRQHandler                         0x08000177   Thumb Code     0  startup_stm32g031xx.o(.text)
    I2C1_IRQHandler                          0x08000177   Thumb Code     0  startup_stm32g031xx.o(.text)
    I2C2_IRQHandler                          0x08000177   Thumb Code     0  startup_stm32g031xx.o(.text)
    LPTIM1_IRQHandler                        0x08000177   Thumb Code     0  startup_stm32g031xx.o(.text)
    LPTIM2_IRQHandler                        0x08000177   Thumb Code     0  startup_stm32g031xx.o(.text)
    LPUART1_IRQHandler                       0x08000177   Thumb Code     0  startup_stm32g031xx.o(.text)
    PVD_IRQHandler                           0x08000177   Thumb Code     0  startup_stm32g031xx.o(.text)
    RCC_IRQHandler                           0x08000177   Thumb Code     0  startup_stm32g031xx.o(.text)
    RTC_TAMP_IRQHandler                      0x08000177   Thumb Code     0  startup_stm32g031xx.o(.text)
    SPI1_IRQHandler                          0x08000177   Thumb Code     0  startup_stm32g031xx.o(.text)
    SPI2_IRQHandler                          0x08000177   Thumb Code     0  startup_stm32g031xx.o(.text)
    TIM16_IRQHandler                         0x08000177   Thumb Code     0  startup_stm32g031xx.o(.text)
    TIM17_IRQHandler                         0x08000177   Thumb Code     0  startup_stm32g031xx.o(.text)
    TIM1_BRK_UP_TRG_COM_IRQHandler           0x08000177   Thumb Code     0  startup_stm32g031xx.o(.text)
    TIM2_IRQHandler                          0x08000177   Thumb Code     0  startup_stm32g031xx.o(.text)
    TIM3_IRQHandler                          0x08000177   Thumb Code     0  startup_stm32g031xx.o(.text)
    USART1_IRQHandler                        0x08000177   Thumb Code     0  startup_stm32g031xx.o(.text)
    USART2_IRQHandler                        0x08000177   Thumb Code     0  startup_stm32g031xx.o(.text)
    WWDG_IRQHandler                          0x08000177   Thumb Code     0  startup_stm32g031xx.o(.text)
    __user_initial_stackheap                 0x08000179   Thumb Code     0  startup_stm32g031xx.o(.text)
    _memset_w                                0x0800019d   Thumb Code    26  rt_memclr.o(.text)
    _memset                                  0x080001b7   Thumb Code    30  rt_memclr.o(.text)
    __aeabi_memclr                           0x080001d5   Thumb Code     4  rt_memclr.o(.text)
    __rt_memclr                              0x080001d5   Thumb Code     0  rt_memclr.o(.text)
    __aeabi_memclr4                          0x080001d9   Thumb Code     0  rt_memclr.o(.text)
    __aeabi_memclr8                          0x080001d9   Thumb Code     0  rt_memclr.o(.text)
    __rt_memclr_w                            0x080001d9   Thumb Code     4  rt_memclr.o(.text)
    __aeabi_uidiv                            0x080001dd   Thumb Code     0  aeabi_sdiv.o(.text)
    __aeabi_uidivmod                         0x080001dd   Thumb Code    20  aeabi_sdiv.o(.text)
    __aeabi_idiv                             0x080001f1   Thumb Code     0  aeabi_sdiv.o(.text)
    __aeabi_idivmod                          0x080001f1   Thumb Code   326  aeabi_sdiv.o(.text)
    __use_two_region_memory                  0x08000337   Thumb Code     2  heapauxi.o(.text)
    __rt_heap_escrow$2region                 0x08000339   Thumb Code     2  heapauxi.o(.text)
    __rt_heap_expand$2region                 0x0800033b   Thumb Code     2  heapauxi.o(.text)
    __aeabi_d2f                              0x0800033d   Thumb Code     0  d2f.o(.text)
    _d2f                                     0x0800033d   Thumb Code   120  d2f.o(.text)
    __aeabi_ddiv                             0x080003b9   Thumb Code     0  ddiv.o(.text)
    _ddiv                                    0x080003b9   Thumb Code  1072  ddiv.o(.text)
    _drdiv                                   0x080007e9   Thumb Code    20  ddiv.o(.text)
    __aeabi_d2iz                             0x08000801   Thumb Code     0  dfixi.o(.text)
    _dfix                                    0x08000801   Thumb Code    98  dfixi.o(.text)
    __aeabi_d2uiz                            0x0800086d   Thumb Code     0  dfixui.o(.text)
    _dfixu                                   0x0800086d   Thumb Code    68  dfixui.o(.text)
    __aeabi_i2d_normalise                    0x080008b5   Thumb Code    66  dflti.o(.text)
    __aeabi_i2d                              0x080008f7   Thumb Code    16  dflti.o(.text)
    _dflt                                    0x080008f7   Thumb Code     0  dflti.o(.text)
    __aeabi_ui2d                             0x08000907   Thumb Code     6  dflti.o(.text)
    _dfltu                                   0x08000907   Thumb Code     0  dflti.o(.text)
    __aeabi_dmul                             0x0800090d   Thumb Code     0  dmul.o(.text)
    _dmul                                    0x0800090d   Thumb Code   558  dmul.o(.text)
    __aeabi_f2d                              0x08000b55   Thumb Code     0  f2d.o(.text)
    _f2d                                     0x08000b55   Thumb Code    80  f2d.o(.text)
    __aeabi_fdiv                             0x08000ba9   Thumb Code     0  fdiv.o(.text)
    _fdiv                                    0x08000ba9   Thumb Code   334  fdiv.o(.text)
    _frdiv                                   0x08000cf7   Thumb Code     8  fdiv.o(.text)
    __aeabi_f2iz                             0x08000d09   Thumb Code     0  ffixi.o(.text)
    _ffix                                    0x08000d09   Thumb Code    76  ffixi.o(.text)
    __aeabi_i2f_normalise                    0x08000d55   Thumb Code    72  fflti.o(.text)
    __aeabi_i2f                              0x08000d9d   Thumb Code    16  fflti.o(.text)
    _fflt                                    0x08000d9d   Thumb Code     0  fflti.o(.text)
    __aeabi_ui2f                             0x08000dad   Thumb Code     6  fflti.o(.text)
    _ffltu                                   0x08000dad   Thumb Code     0  fflti.o(.text)
    __fpl_dcmp_InfNaN                        0x08000db5   Thumb Code   140  dcmpin.o(.text)
    __fpl_fcmp_InfNaN                        0x08000e45   Thumb Code    96  fcmpin.o(.text)
    __fpl_cmpreturn                          0x08000ea9   Thumb Code    46  cmpret.o(.text)
    __fpl_dcheck_NaN2                        0x08000ed9   Thumb Code    14  dnan2.o(.text)
    __fpl_fcheck_NaN2                        0x08000eed   Thumb Code    10  fnan2.o(.text)
    __user_setup_stackheap                   0x08000efd   Thumb Code    62  sys_stackheap_outer.o(.text)
    exit                                     0x08000f3b   Thumb Code    16  exit.o(.text)
    __fpl_return_NaN                         0x08000f4b   Thumb Code    94  retnan.o(.text)
    __user_libspace                          0x08000fa9   Thumb Code     8  libspace.o(.text)
    __user_perproc_libspace                  0x08000fa9   Thumb Code     0  libspace.o(.text)
    __user_perthread_libspace                0x08000fa9   Thumb Code     0  libspace.o(.text)
    _sys_exit                                0x08000fb1   Thumb Code     8  sys_exit.o(.text)
    __I$use$semihosting                      0x08000fbd   Thumb Code     0  use_no_semi.o(.text)
    __use_no_semihosting_swi                 0x08000fbd   Thumb Code     2  use_no_semi.o(.text)
    __semihosting_library_function           0x08000fbf   Thumb Code     0  indicate_semi.o(.text)
    ADC_ConversionStop                       0x08000fc1   Thumb Code   106  stm32g0xx_hal_adc.o(i.ADC_ConversionStop)
    ADC_Disable                              0x080010ed   Thumb Code   138  stm32g0xx_hal_adc.o(i.ADC_Disable)
    ADC_Enable                               0x08001179   Thumb Code   200  stm32g0xx_hal_adc.o(i.ADC_Enable)
    DMA1_Channel1_IRQHandler                 0x08001251   Thumb Code    10  stm32g0xx_it.o(i.DMA1_Channel1_IRQHandler)
    EXTI0_1_IRQHandler                       0x08001309   Thumb Code    64  stm32g0xx_it.o(i.EXTI0_1_IRQHandler)
    Error_Handler                            0x08001361   Thumb Code     6  main.o(i.Error_Handler)
    HAL_ADC_ConfigChannel                    0x08001369   Thumb Code   832  stm32g0xx_hal_adc.o(i.HAL_ADC_ConfigChannel)
    HAL_ADC_ConvCpltCallback                 0x080016c5   Thumb Code   236  control_functions.o(i.HAL_ADC_ConvCpltCallback)
    HAL_ADC_ConvHalfCpltCallback             0x080017d5   Thumb Code     2  stm32g0xx_hal_adc.o(i.HAL_ADC_ConvHalfCpltCallback)
    HAL_ADC_ErrorCallback                    0x080017d7   Thumb Code     2  stm32g0xx_hal_adc.o(i.HAL_ADC_ErrorCallback)
    HAL_ADC_Init                             0x080017d9   Thumb Code   622  stm32g0xx_hal_adc.o(i.HAL_ADC_Init)
    HAL_ADC_MspInit                          0x08001a65   Thumb Code   106  stm32g0xx_hal_msp.o(i.HAL_ADC_MspInit)
    HAL_ADC_Start_DMA                        0x08001ae1   Thumb Code   182  stm32g0xx_hal_adc.o(i.HAL_ADC_Start_DMA)
    HAL_ADC_Stop_DMA                         0x08001ba9   Thumb Code   136  stm32g0xx_hal_adc.o(i.HAL_ADC_Stop_DMA)
    HAL_DMA_Abort                            0x08001c31   Thumb Code   138  stm32g0xx_hal_dma.o(i.HAL_DMA_Abort)
    HAL_DMA_IRQHandler                       0x08001cc1   Thumb Code   272  stm32g0xx_hal_dma.o(i.HAL_DMA_IRQHandler)
    HAL_DMA_Init                             0x08001dd5   Thumb Code   176  stm32g0xx_hal_dma.o(i.HAL_DMA_Init)
    HAL_DMA_Start_IT                         0x08001e8d   Thumb Code   194  stm32g0xx_hal_dma.o(i.HAL_DMA_Start_IT)
    HAL_Delay                                0x08001f51   Thumb Code    38  stm32g0xx_hal.o(i.HAL_Delay)
    HAL_GPIO_EXTI_Falling_Callback           0x08001f7d   Thumb Code     2  stm32g0xx_hal_gpio.o(i.HAL_GPIO_EXTI_Falling_Callback)
    HAL_GPIO_EXTI_IRQHandler                 0x08001f81   Thumb Code    46  stm32g0xx_hal_gpio.o(i.HAL_GPIO_EXTI_IRQHandler)
    HAL_GPIO_EXTI_Rising_Callback            0x08001fb5   Thumb Code     2  stm32g0xx_hal_gpio.o(i.HAL_GPIO_EXTI_Rising_Callback)
    HAL_GPIO_Init                            0x08001fb9   Thumb Code   454  stm32g0xx_hal_gpio.o(i.HAL_GPIO_Init)
    HAL_GPIO_WritePin                        0x08002191   Thumb Code    12  stm32g0xx_hal_gpio.o(i.HAL_GPIO_WritePin)
    HAL_GetTick                              0x0800219d   Thumb Code     6  stm32g0xx_hal.o(i.HAL_GetTick)
    HAL_I2CEx_ConfigAnalogFilter             0x080021a9   Thumb Code    96  stm32g0xx_hal_i2c_ex.o(i.HAL_I2CEx_ConfigAnalogFilter)
    HAL_I2CEx_ConfigDigitalFilter            0x08002209   Thumb Code    98  stm32g0xx_hal_i2c_ex.o(i.HAL_I2CEx_ConfigDigitalFilter)
    HAL_I2CEx_EnableFastModePlus             0x0800226d   Thumb Code    42  stm32g0xx_hal_i2c_ex.o(i.HAL_I2CEx_EnableFastModePlus)
    HAL_I2C_Init                             0x080022a1   Thumb Code   194  stm32g0xx_hal_i2c.o(i.HAL_I2C_Init)
    HAL_I2C_Master_Transmit                  0x08002369   Thumb Code   338  stm32g0xx_hal_i2c.o(i.HAL_I2C_Master_Transmit)
    HAL_I2C_Mem_Read                         0x080024c5   Thumb Code   398  stm32g0xx_hal_i2c.o(i.HAL_I2C_Mem_Read)
    HAL_I2C_MspInit                          0x0800265d   Thumb Code   142  stm32g0xx_hal_msp.o(i.HAL_I2C_MspInit)
    HAL_IWDG_Init                            0x080026f9   Thumb Code   110  stm32g0xx_hal_iwdg.o(i.HAL_IWDG_Init)
    HAL_IWDG_Refresh                         0x08002775   Thumb Code    12  stm32g0xx_hal_iwdg.o(i.HAL_IWDG_Refresh)
    HAL_IncTick                              0x08002785   Thumb Code    16  stm32g0xx_hal.o(i.HAL_IncTick)
    HAL_Init                                 0x0800279d   Thumb Code    40  stm32g0xx_hal.o(i.HAL_Init)
    HAL_InitTick                             0x080027c9   Thumb Code    82  stm32g0xx_hal.o(i.HAL_InitTick)
    HAL_MspInit                              0x08002829   Thumb Code    64  stm32g0xx_hal_msp.o(i.HAL_MspInit)
    HAL_NVIC_EnableIRQ                       0x0800286d   Thumb Code    30  stm32g0xx_hal_cortex.o(i.HAL_NVIC_EnableIRQ)
    HAL_NVIC_SetPriority                     0x08002891   Thumb Code    18  stm32g0xx_hal_cortex.o(i.HAL_NVIC_SetPriority)
    HAL_PWREx_ControlVoltageScaling          0x080028a5   Thumb Code    76  stm32g0xx_hal_pwr_ex.o(i.HAL_PWREx_ControlVoltageScaling)
    HAL_RCCEx_PeriphCLKConfig                0x080028fd   Thumb Code   628  stm32g0xx_hal_rcc_ex.o(i.HAL_RCCEx_PeriphCLKConfig)
    HAL_RCC_ClockConfig                      0x08002b7d   Thumb Code   442  stm32g0xx_hal_rcc.o(i.HAL_RCC_ClockConfig)
    HAL_RCC_GetSysClockFreq                  0x08002d51   Thumb Code   216  stm32g0xx_hal_rcc.o(i.HAL_RCC_GetSysClockFreq)
    HAL_RCC_OscConfig                        0x08002e35   Thumb Code  1450  stm32g0xx_hal_rcc.o(i.HAL_RCC_OscConfig)
    HAL_SYSTICK_Config                       0x080033f1   Thumb Code    46  stm32g0xx_hal_cortex.o(i.HAL_SYSTICK_Config)
    HAL_TIMEx_Break2Callback                 0x08003429   Thumb Code     2  stm32g0xx_hal_tim_ex.o(i.HAL_TIMEx_Break2Callback)
    HAL_TIMEx_BreakCallback                  0x0800342b   Thumb Code     2  stm32g0xx_hal_tim_ex.o(i.HAL_TIMEx_BreakCallback)
    HAL_TIMEx_CommutCallback                 0x0800342d   Thumb Code     2  stm32g0xx_hal_tim_ex.o(i.HAL_TIMEx_CommutCallback)
    HAL_TIMEx_MasterConfigSynchronization    0x08003431   Thumb Code   132  stm32g0xx_hal_tim_ex.o(i.HAL_TIMEx_MasterConfigSynchronization)
    HAL_TIM_Base_Init                        0x080034bd   Thumb Code    78  stm32g0xx_hal_tim.o(i.HAL_TIM_Base_Init)
    HAL_TIM_Base_MspInit                     0x0800350d   Thumb Code   220  stm32g0xx_hal_msp.o(i.HAL_TIM_Base_MspInit)
    HAL_TIM_Base_Start_IT                    0x080035f5   Thumb Code   102  stm32g0xx_hal_tim.o(i.HAL_TIM_Base_Start_IT)
    HAL_TIM_ConfigClockSource                0x08003669   Thumb Code   266  stm32g0xx_hal_tim.o(i.HAL_TIM_ConfigClockSource)
    HAL_TIM_IC_CaptureCallback               0x08003779   Thumb Code   416  control_functions.o(i.HAL_TIM_IC_CaptureCallback)
    HAL_TIM_IC_ConfigChannel                 0x08003975   Thumb Code   220  stm32g0xx_hal_tim.o(i.HAL_TIM_IC_ConfigChannel)
    HAL_TIM_IC_Init                          0x08003a51   Thumb Code    78  stm32g0xx_hal_tim.o(i.HAL_TIM_IC_Init)
    HAL_TIM_IC_MspInit                       0x08003a9f   Thumb Code     2  stm32g0xx_hal_tim.o(i.HAL_TIM_IC_MspInit)
    HAL_TIM_IC_Start_IT                      0x08003aa1   Thumb Code   352  stm32g0xx_hal_tim.o(i.HAL_TIM_IC_Start_IT)
    HAL_TIM_IRQHandler                       0x08003c0d   Thumb Code   498  stm32g0xx_hal_tim.o(i.HAL_TIM_IRQHandler)
    HAL_TIM_OC_DelayElapsedCallback          0x08003e05   Thumb Code     2  stm32g0xx_hal_tim.o(i.HAL_TIM_OC_DelayElapsedCallback)
    HAL_TIM_PWM_PulseFinishedCallback        0x08003e07   Thumb Code     2  stm32g0xx_hal_tim.o(i.HAL_TIM_PWM_PulseFinishedCallback)
    HAL_TIM_PeriodElapsedCallback            0x08003e09   Thumb Code     2  stm32g0xx_hal_tim.o(i.HAL_TIM_PeriodElapsedCallback)
    HAL_TIM_ReadCapturedValue                0x08003e0b   Thumb Code    52  stm32g0xx_hal_tim.o(i.HAL_TIM_ReadCapturedValue)
    HAL_TIM_TriggerCallback                  0x08003e3f   Thumb Code     2  stm32g0xx_hal_tim.o(i.HAL_TIM_TriggerCallback)
    HardFault_Handler                        0x08003e41   Thumb Code     4  stm32g0xx_it.o(i.HardFault_Handler)
    MC3416Read                               0x08004245   Thumb Code   472  mc3416.o(i.MC3416Read)
    MC34X9_Init                              0x0800442d   Thumb Code   380  mc3416.o(i.MC34X9_Init)
    NMI_Handler                              0x080048d1   Thumb Code     4  stm32g0xx_it.o(i.NMI_Handler)
    PendSV_Handler                           0x080048d5   Thumb Code     2  stm32g0xx_it.o(i.PendSV_Handler)
    SVC_Handler                              0x080048d7   Thumb Code     2  stm32g0xx_it.o(i.SVC_Handler)
    SysTick_Handler                          0x080048d9   Thumb Code     8  stm32g0xx_it.o(i.SysTick_Handler)
    SystemClock_Config                       0x080048e1   Thumb Code   128  main.o(i.SystemClock_Config)
    SystemInit                               0x08004961   Thumb Code     2  system_stm32g0xx.o(i.SystemInit)
    TIM14_IRQHandler                         0x08004965   Thumb Code    16  stm32g0xx_it.o(i.TIM14_IRQHandler)
    TIM1_CC_IRQHandler                       0x0800497d   Thumb Code    10  stm32g0xx_it.o(i.TIM1_CC_IRQHandler)
    TIM_Base_SetConfig                       0x0800498d   Thumb Code   138  stm32g0xx_hal_tim.o(i.TIM_Base_SetConfig)
    TIM_CCxChannelCmd                        0x08004a2d   Thumb Code    34  stm32g0xx_hal_tim.o(i.TIM_CCxChannelCmd)
    TIM_ETR_SetConfig                        0x08004a4f   Thumb Code    28  stm32g0xx_hal_tim.o(i.TIM_ETR_SetConfig)
    TIM_TI1_SetConfig                        0x08004ab9   Thumb Code    96  stm32g0xx_hal_tim.o(i.TIM_TI1_SetConfig)
    check_PWM                                0x08004ca9   Thumb Code   192  control_functions.o(i.check_PWM)
    check_voltage                            0x08004d7d   Thumb Code    68  control_functions.o(i.check_voltage)
    control_explosion                        0x08004dd5   Thumb Code    42  control_functions.o(i.control_explosion)
    control_supercapacitor                   0x08004dff   Thumb Code    58  control_functions.o(i.control_supercapacitor)
    main                                     0x08004e39   Thumb Code   744  main.o(i.main)
    timeout_charge                           0x08005169   Thumb Code    76  timer.o(i.timeout_charge)
    timer_1ms_tick                           0x080051c5   Thumb Code    12  timer.o(i.timer_1ms_tick)
    __aeabi_cdcmple                          0x080051d1   Thumb Code     0  dlef.o(x$fpl$dleqf)
    _dcmple                                  0x080051d1   Thumb Code    94  dlef.o(x$fpl$dleqf)
    __aeabi_cdrcmple                         0x08005235   Thumb Code     0  drlef.o(x$fpl$drleqf)
    _drcmple                                 0x08005235   Thumb Code   100  drlef.o(x$fpl$drleqf)
    __aeabi_cfcmple                          0x0800529d   Thumb Code     0  flef.o(x$fpl$fleqf)
    _fcmple                                  0x0800529d   Thumb Code    78  flef.o(x$fpl$fleqf)
    __aeabi_fmul                             0x080052f1   Thumb Code     0  fmul.o(x$fpl$fmul)
    _fmul                                    0x080052f1   Thumb Code   172  fmul.o(x$fpl$fmul)
    __I$use$fp                               0x080053a0   Number         0  usenofp.o(x$fpl$usenofp)
    AHBPrescTable                            0x080053a8   Data          64  system_stm32g0xx.o(.constdata)
    APBPrescTable                            0x080053e8   Data          32  system_stm32g0xx.o(.constdata)
    Region$$Table$$Base                      0x080054c8   Number         0  anon$$obj.o(Region$$Table)
    Region$$Table$$Limit                     0x080054e8   Number         0  anon$$obj.o(Region$$Table)
    state_debug                              0x20000000   Data           8  main.o(.data)
    uwTick                                   0x20000008   Data           4  stm32g0xx_hal.o(.data)
    uwTickPrio                               0x2000000c   Data           4  stm32g0xx_hal.o(.data)
    uwTickFreq                               0x20000010   Data           4  stm32g0xx_hal.o(.data)
    SystemCoreClock                          0x20000014   Data           4  system_stm32g0xx.o(.data)
    hadc1                                    0x20000028   Data         108  main.o(.bss)
    hdma_adc1                                0x20000094   Data          96  main.o(.bss)
    hi2c1                                    0x200000f4   Data          92  main.o(.bss)
    hiwdg                                    0x20000150   Data          16  main.o(.bss)
    htim1                                    0x20000160   Data         112  main.o(.bss)
    htim14                                   0x200001d0   Data         112  main.o(.bss)
    state_system                             0x20000240   Data          68  main.o(.bss)
    state_accel                              0x20000288   Data          48  main.o(.bss)
    __libspace_start                         0x200002b8   Data          96  libspace.o(.bss)
    __temporary_stack_top$libspace           0x20000318   Data           0  libspace.o(.bss)



==============================================================================

Memory Map of the image

  Image Entry point : 0x080000c1

  Load Region LR_IROM1 (Base: 0x08000000, Size: 0x0000550c, Max: 0x00008000, ABSOLUTE)

    Execution Region ER_IROM1 (Exec base: 0x08000000, Load base: 0x08000000, Size: 0x000054e8, Max: 0x00008000, ABSOLUTE)

    Exec Addr    Load Addr    Size         Type   Attr      Idx    E Section Name        Object

    0x08000000   0x08000000   0x000000c0   Data   RO            3    RESET               startup_stm32g031xx.o
    0x080000c0   0x080000c0   0x00000008   Code   RO         3749  * !!!main             c_p.l(__main.o)
    0x080000c8   0x080000c8   0x0000003c   Code   RO         3963    !!!scatter          c_p.l(__scatter.o)
    0x08000104   0x08000104   0x0000001a   Code   RO         3965    !!handler_copy      c_p.l(__scatter_copy.o)
    0x0800011e   0x0800011e   0x00000002   PAD
    0x08000120   0x08000120   0x0000001c   Code   RO         3967    !!handler_zi        c_p.l(__scatter_zi.o)
    0x0800013c   0x0800013c   0x00000002   Code   RO         3828    .ARM.Collect$$libinit$$00000000  c_p.l(libinit.o)
    0x0800013e   0x0800013e   0x00000000   Code   RO         3844    .ARM.Collect$$libinit$$00000002  c_p.l(libinit2.o)
    0x0800013e   0x0800013e   0x00000000   Code   RO         3846    .ARM.Collect$$libinit$$00000004  c_p.l(libinit2.o)
    0x0800013e   0x0800013e   0x00000000   Code   RO         3849    .ARM.Collect$$libinit$$0000000A  c_p.l(libinit2.o)
    0x0800013e   0x0800013e   0x00000000   Code   RO         3851    .ARM.Collect$$libinit$$0000000C  c_p.l(libinit2.o)
    0x0800013e   0x0800013e   0x00000000   Code   RO         3853    .ARM.Collect$$libinit$$0000000E  c_p.l(libinit2.o)
    0x0800013e   0x0800013e   0x00000000   Code   RO         3856    .ARM.Collect$$libinit$$00000011  c_p.l(libinit2.o)
    0x0800013e   0x0800013e   0x00000000   Code   RO         3858    .ARM.Collect$$libinit$$00000013  c_p.l(libinit2.o)
    0x0800013e   0x0800013e   0x00000000   Code   RO         3860    .ARM.Collect$$libinit$$00000015  c_p.l(libinit2.o)
    0x0800013e   0x0800013e   0x00000000   Code   RO         3862    .ARM.Collect$$libinit$$00000017  c_p.l(libinit2.o)
    0x0800013e   0x0800013e   0x00000000   Code   RO         3864    .ARM.Collect$$libinit$$00000019  c_p.l(libinit2.o)
    0x0800013e   0x0800013e   0x00000000   Code   RO         3866    .ARM.Collect$$libinit$$0000001B  c_p.l(libinit2.o)
    0x0800013e   0x0800013e   0x00000000   Code   RO         3868    .ARM.Collect$$libinit$$0000001D  c_p.l(libinit2.o)
    0x0800013e   0x0800013e   0x00000000   Code   RO         3870    .ARM.Collect$$libinit$$0000001F  c_p.l(libinit2.o)
    0x0800013e   0x0800013e   0x00000000   Code   RO         3872    .ARM.Collect$$libinit$$00000021  c_p.l(libinit2.o)
    0x0800013e   0x0800013e   0x00000000   Code   RO         3874    .ARM.Collect$$libinit$$00000023  c_p.l(libinit2.o)
    0x0800013e   0x0800013e   0x00000000   Code   RO         3876    .ARM.Collect$$libinit$$00000025  c_p.l(libinit2.o)
    0x0800013e   0x0800013e   0x00000000   Code   RO         3880    .ARM.Collect$$libinit$$0000002C  c_p.l(libinit2.o)
    0x0800013e   0x0800013e   0x00000000   Code   RO         3882    .ARM.Collect$$libinit$$0000002E  c_p.l(libinit2.o)
    0x0800013e   0x0800013e   0x00000000   Code   RO         3884    .ARM.Collect$$libinit$$00000030  c_p.l(libinit2.o)
    0x0800013e   0x0800013e   0x00000000   Code   RO         3886    .ARM.Collect$$libinit$$00000032  c_p.l(libinit2.o)
    0x0800013e   0x0800013e   0x00000002   Code   RO         3887    .ARM.Collect$$libinit$$00000033  c_p.l(libinit2.o)
    0x08000140   0x08000140   0x00000002   Code   RO         3918    .ARM.Collect$$libshutdown$$00000000  c_p.l(libshutdown.o)
    0x08000142   0x08000142   0x00000000   Code   RO         3944    .ARM.Collect$$libshutdown$$00000002  c_p.l(libshutdown2.o)
    0x08000142   0x08000142   0x00000000   Code   RO         3946    .ARM.Collect$$libshutdown$$00000004  c_p.l(libshutdown2.o)
    0x08000142   0x08000142   0x00000000   Code   RO         3948    .ARM.Collect$$libshutdown$$00000006  c_p.l(libshutdown2.o)
    0x08000142   0x08000142   0x00000000   Code   RO         3951    .ARM.Collect$$libshutdown$$00000009  c_p.l(libshutdown2.o)
    0x08000142   0x08000142   0x00000000   Code   RO         3954    .ARM.Collect$$libshutdown$$0000000C  c_p.l(libshutdown2.o)
    0x08000142   0x08000142   0x00000000   Code   RO         3956    .ARM.Collect$$libshutdown$$0000000E  c_p.l(libshutdown2.o)
    0x08000142   0x08000142   0x00000000   Code   RO         3959    .ARM.Collect$$libshutdown$$00000011  c_p.l(libshutdown2.o)
    0x08000142   0x08000142   0x00000002   Code   RO         3960    .ARM.Collect$$libshutdown$$00000012  c_p.l(libshutdown2.o)
    0x08000144   0x08000144   0x00000000   Code   RO         3781    .ARM.Collect$$rtentry$$00000000  c_p.l(__rtentry.o)
    0x08000144   0x08000144   0x00000000   Code   RO         3792    .ARM.Collect$$rtentry$$00000002  c_p.l(__rtentry2.o)
    0x08000144   0x08000144   0x00000006   Code   RO         3804    .ARM.Collect$$rtentry$$00000004  c_p.l(__rtentry4.o)
    0x0800014a   0x0800014a   0x00000000   Code   RO         3794    .ARM.Collect$$rtentry$$00000009  c_p.l(__rtentry2.o)
    0x0800014a   0x0800014a   0x00000004   Code   RO         3795    .ARM.Collect$$rtentry$$0000000A  c_p.l(__rtentry2.o)
    0x0800014e   0x0800014e   0x00000000   Code   RO         3797    .ARM.Collect$$rtentry$$0000000C  c_p.l(__rtentry2.o)
    0x0800014e   0x0800014e   0x00000008   Code   RO         3798    .ARM.Collect$$rtentry$$0000000D  c_p.l(__rtentry2.o)
    0x08000156   0x08000156   0x00000002   Code   RO         3835    .ARM.Collect$$rtexit$$00000000  c_p.l(rtexit.o)
    0x08000158   0x08000158   0x00000000   Code   RO         3891    .ARM.Collect$$rtexit$$00000002  c_p.l(rtexit2.o)
    0x08000158   0x08000158   0x00000004   Code   RO         3892    .ARM.Collect$$rtexit$$00000003  c_p.l(rtexit2.o)
    0x0800015c   0x0800015c   0x00000006   Code   RO         3893    .ARM.Collect$$rtexit$$00000004  c_p.l(rtexit2.o)
    0x08000162   0x08000162   0x00000002   PAD
    0x08000164   0x08000164   0x00000038   Code   RO            4    .text               startup_stm32g031xx.o
    0x0800019c   0x0800019c   0x00000040   Code   RO         3741    .text               c_p.l(rt_memclr.o)
    0x080001dc   0x080001dc   0x0000015a   Code   RO         3743    .text               c_p.l(aeabi_sdiv.o)
    0x08000336   0x08000336   0x00000006   Code   RO         3747    .text               c_p.l(heapauxi.o)
    0x0800033c   0x0800033c   0x0000007c   Code   RO         3751    .text               fz_ps.l(d2f.o)
    0x080003b8   0x080003b8   0x00000448   Code   RO         3753    .text               fz_ps.l(ddiv.o)
    0x08000800   0x08000800   0x0000006c   Code   RO         3756    .text               fz_ps.l(dfixi.o)
    0x0800086c   0x0800086c   0x00000048   Code   RO         3758    .text               fz_ps.l(dfixui.o)
    0x080008b4   0x080008b4   0x00000058   Code   RO         3760    .text               fz_ps.l(dflti.o)
    0x0800090c   0x0800090c   0x00000248   Code   RO         3764    .text               fz_ps.l(dmul.o)
    0x08000b54   0x08000b54   0x00000054   Code   RO         3768    .text               fz_ps.l(f2d.o)
    0x08000ba8   0x08000ba8   0x00000160   Code   RO         3770    .text               fz_ps.l(fdiv.o)
    0x08000d08   0x08000d08   0x0000004c   Code   RO         3773    .text               fz_ps.l(ffixi.o)
    0x08000d54   0x08000d54   0x0000005e   Code   RO         3775    .text               fz_ps.l(fflti.o)
    0x08000db2   0x08000db2   0x00000002   PAD
    0x08000db4   0x08000db4   0x00000090   Code   RO         3786    .text               fz_ps.l(dcmpin.o)
    0x08000e44   0x08000e44   0x00000064   Code   RO         3788    .text               fz_ps.l(fcmpin.o)
    0x08000ea8   0x08000ea8   0x0000002e   Code   RO         3808    .text               fz_ps.l(cmpret.o)
    0x08000ed6   0x08000ed6   0x00000002   PAD
    0x08000ed8   0x08000ed8   0x00000014   Code   RO         3810    .text               fz_ps.l(dnan2.o)
    0x08000eec   0x08000eec   0x00000010   Code   RO         3812    .text               fz_ps.l(fnan2.o)
    0x08000efc   0x08000efc   0x0000003e   Code   RO         3814    .text               c_p.l(sys_stackheap_outer.o)
    0x08000f3a   0x08000f3a   0x00000010   Code   RO         3817    .text               c_p.l(exit.o)
    0x08000f4a   0x08000f4a   0x0000005e   Code   RO         3829    .text               fz_ps.l(retnan.o)
    0x08000fa8   0x08000fa8   0x00000008   Code   RO         3831    .text               c_p.l(libspace.o)
    0x08000fb0   0x08000fb0   0x0000000c   Code   RO         3888    .text               c_p.l(sys_exit.o)
    0x08000fbc   0x08000fbc   0x00000002   Code   RO         3907    .text               c_p.l(use_no_semi.o)
    0x08000fbe   0x08000fbe   0x00000000   Code   RO         3909    .text               c_p.l(indicate_semi.o)
    0x08000fbe   0x08000fbe   0x00000002   PAD
    0x08000fc0   0x08000fc0   0x00000070   Code   RO          365    i.ADC_ConversionStop  stm32g0xx_hal_adc.o
    0x08001030   0x08001030   0x00000090   Code   RO          366    i.ADC_DMAConvCplt   stm32g0xx_hal_adc.o
    0x080010c0   0x080010c0   0x0000001e   Code   RO          367    i.ADC_DMAError      stm32g0xx_hal_adc.o
    0x080010de   0x080010de   0x0000000e   Code   RO          368    i.ADC_DMAHalfConvCplt  stm32g0xx_hal_adc.o
    0x080010ec   0x080010ec   0x0000008a   Code   RO          369    i.ADC_Disable       stm32g0xx_hal_adc.o
    0x08001176   0x08001176   0x00000002   PAD
    0x08001178   0x08001178   0x000000d8   Code   RO          370    i.ADC_Enable        stm32g0xx_hal_adc.o
    0x08001250   0x08001250   0x00000010   Code   RO          221    i.DMA1_Channel1_IRQHandler  stm32g0xx_it.o
    0x08001260   0x08001260   0x00000034   Code   RO         1166    i.DMA_CalcDMAMUXChannelBaseAndMask  stm32g0xx_hal_dma.o
    0x08001294   0x08001294   0x00000028   Code   RO         1167    i.DMA_CalcDMAMUXRequestGenBaseAndMask  stm32g0xx_hal_dma.o
    0x080012bc   0x080012bc   0x0000004c   Code   RO         1168    i.DMA_SetConfig     stm32g0xx_hal_dma.o
    0x08001308   0x08001308   0x00000058   Code   RO          222    i.EXTI0_1_IRQHandler  stm32g0xx_it.o
    0x08001360   0x08001360   0x00000006   Code   RO           12    i.Error_Handler     main.o
    0x08001366   0x08001366   0x00000002   PAD
    0x08001368   0x08001368   0x0000035c   Code   RO          372    i.HAL_ADC_ConfigChannel  stm32g0xx_hal_adc.o
    0x080016c4   0x080016c4   0x00000110   Code   RO         3604    i.HAL_ADC_ConvCpltCallback  control_functions.o
    0x080017d4   0x080017d4   0x00000002   Code   RO          374    i.HAL_ADC_ConvHalfCpltCallback  stm32g0xx_hal_adc.o
    0x080017d6   0x080017d6   0x00000002   Code   RO          376    i.HAL_ADC_ErrorCallback  stm32g0xx_hal_adc.o
    0x080017d8   0x080017d8   0x0000028c   Code   RO          381    i.HAL_ADC_Init      stm32g0xx_hal_adc.o
    0x08001a64   0x08001a64   0x0000007c   Code   RO          307    i.HAL_ADC_MspInit   stm32g0xx_hal_msp.o
    0x08001ae0   0x08001ae0   0x000000c8   Code   RO          388    i.HAL_ADC_Start_DMA  stm32g0xx_hal_adc.o
    0x08001ba8   0x08001ba8   0x00000088   Code   RO          391    i.HAL_ADC_Stop_DMA  stm32g0xx_hal_adc.o
    0x08001c30   0x08001c30   0x00000090   Code   RO         1169    i.HAL_DMA_Abort     stm32g0xx_hal_dma.o
    0x08001cc0   0x08001cc0   0x00000114   Code   RO         1174    i.HAL_DMA_IRQHandler  stm32g0xx_hal_dma.o
    0x08001dd4   0x08001dd4   0x000000b8   Code   RO         1175    i.HAL_DMA_Init      stm32g0xx_hal_dma.o
    0x08001e8c   0x08001e8c   0x000000c2   Code   RO         1179    i.HAL_DMA_Start_IT  stm32g0xx_hal_dma.o
    0x08001f4e   0x08001f4e   0x00000002   PAD
    0x08001f50   0x08001f50   0x0000002c   Code   RO         1705    i.HAL_Delay         stm32g0xx_hal.o
    0x08001f7c   0x08001f7c   0x00000002   Code   RO         1097    i.HAL_GPIO_EXTI_Falling_Callback  stm32g0xx_hal_gpio.o
    0x08001f7e   0x08001f7e   0x00000002   PAD
    0x08001f80   0x08001f80   0x00000034   Code   RO         1098    i.HAL_GPIO_EXTI_IRQHandler  stm32g0xx_hal_gpio.o
    0x08001fb4   0x08001fb4   0x00000002   Code   RO         1099    i.HAL_GPIO_EXTI_Rising_Callback  stm32g0xx_hal_gpio.o
    0x08001fb6   0x08001fb6   0x00000002   PAD
    0x08001fb8   0x08001fb8   0x000001d8   Code   RO         1100    i.HAL_GPIO_Init     stm32g0xx_hal_gpio.o
    0x08002190   0x08002190   0x0000000c   Code   RO         1104    i.HAL_GPIO_WritePin  stm32g0xx_hal_gpio.o
    0x0800219c   0x0800219c   0x0000000c   Code   RO         1709    i.HAL_GetTick       stm32g0xx_hal.o
    0x080021a8   0x080021a8   0x00000060   Code   RO         2465    i.HAL_I2CEx_ConfigAnalogFilter  stm32g0xx_hal_i2c_ex.o
    0x08002208   0x08002208   0x00000062   Code   RO         2466    i.HAL_I2CEx_ConfigDigitalFilter  stm32g0xx_hal_i2c_ex.o
    0x0800226a   0x0800226a   0x00000002   PAD
    0x0800226c   0x0800226c   0x00000034   Code   RO         2469    i.HAL_I2CEx_EnableFastModePlus  stm32g0xx_hal_i2c_ex.o
    0x080022a0   0x080022a0   0x000000c8   Code   RO         2006    i.HAL_I2C_Init      stm32g0xx_hal_i2c.o
    0x08002368   0x08002368   0x0000015c   Code   RO         2019    i.HAL_I2C_Master_Transmit  stm32g0xx_hal_i2c.o
    0x080024c4   0x080024c4   0x00000198   Code   RO         2024    i.HAL_I2C_Mem_Read  stm32g0xx_hal_i2c.o
    0x0800265c   0x0800265c   0x0000009c   Code   RO          309    i.HAL_I2C_MspInit   stm32g0xx_hal_msp.o
    0x080026f8   0x080026f8   0x0000007c   Code   RO         2517    i.HAL_IWDG_Init     stm32g0xx_hal_iwdg.o
    0x08002774   0x08002774   0x00000010   Code   RO         2518    i.HAL_IWDG_Refresh  stm32g0xx_hal_iwdg.o
    0x08002784   0x08002784   0x00000018   Code   RO         1715    i.HAL_IncTick       stm32g0xx_hal.o
    0x0800279c   0x0800279c   0x0000002c   Code   RO         1716    i.HAL_Init          stm32g0xx_hal.o
    0x080027c8   0x080027c8   0x00000060   Code   RO         1717    i.HAL_InitTick      stm32g0xx_hal.o
    0x08002828   0x08002828   0x00000044   Code   RO          310    i.HAL_MspInit       stm32g0xx_hal_msp.o
    0x0800286c   0x0800286c   0x00000024   Code   RO         1591    i.HAL_NVIC_EnableIRQ  stm32g0xx_hal_cortex.o
    0x08002890   0x08002890   0x00000012   Code   RO         1595    i.HAL_NVIC_SetPriority  stm32g0xx_hal_cortex.o
    0x080028a2   0x080028a2   0x00000002   PAD
    0x080028a4   0x080028a4   0x00000058   Code   RO         1409    i.HAL_PWREx_ControlVoltageScaling  stm32g0xx_hal_pwr_ex.o
    0x080028fc   0x080028fc   0x00000280   Code   RO          803    i.HAL_RCCEx_PeriphCLKConfig  stm32g0xx_hal_rcc_ex.o
    0x08002b7c   0x08002b7c   0x000001d4   Code   RO          685    i.HAL_RCC_ClockConfig  stm32g0xx_hal_rcc.o
    0x08002d50   0x08002d50   0x000000e4   Code   RO          695    i.HAL_RCC_GetSysClockFreq  stm32g0xx_hal_rcc.o
    0x08002e34   0x08002e34   0x000005bc   Code   RO          699    i.HAL_RCC_OscConfig  stm32g0xx_hal_rcc.o
    0x080033f0   0x080033f0   0x00000038   Code   RO         1599    i.HAL_SYSTICK_Config  stm32g0xx_hal_cortex.o
    0x08003428   0x08003428   0x00000002   Code   RO         3270    i.HAL_TIMEx_Break2Callback  stm32g0xx_hal_tim_ex.o
    0x0800342a   0x0800342a   0x00000002   Code   RO         3271    i.HAL_TIMEx_BreakCallback  stm32g0xx_hal_tim_ex.o
    0x0800342c   0x0800342c   0x00000002   Code   RO         3272    i.HAL_TIMEx_CommutCallback  stm32g0xx_hal_tim_ex.o
    0x0800342e   0x0800342e   0x00000002   PAD
    0x08003430   0x08003430   0x0000008c   Code   RO         3293    i.HAL_TIMEx_MasterConfigSynchronization  stm32g0xx_hal_tim_ex.o
    0x080034bc   0x080034bc   0x0000004e   Code   RO         2547    i.HAL_TIM_Base_Init  stm32g0xx_hal_tim.o
    0x0800350a   0x0800350a   0x00000002   PAD
    0x0800350c   0x0800350c   0x000000e8   Code   RO          312    i.HAL_TIM_Base_MspInit  stm32g0xx_hal_msp.o
    0x080035f4   0x080035f4   0x00000074   Code   RO         2552    i.HAL_TIM_Base_Start_IT  stm32g0xx_hal_tim.o
    0x08003668   0x08003668   0x00000110   Code   RO         2556    i.HAL_TIM_ConfigClockSource  stm32g0xx_hal_tim.o
    0x08003778   0x08003778   0x000001fc   Code   RO         3605    i.HAL_TIM_IC_CaptureCallback  control_functions.o
    0x08003974   0x08003974   0x000000dc   Code   RO         2583    i.HAL_TIM_IC_ConfigChannel  stm32g0xx_hal_tim.o
    0x08003a50   0x08003a50   0x0000004e   Code   RO         2586    i.HAL_TIM_IC_Init   stm32g0xx_hal_tim.o
    0x08003a9e   0x08003a9e   0x00000002   Code   RO         2588    i.HAL_TIM_IC_MspInit  stm32g0xx_hal_tim.o
    0x08003aa0   0x08003aa0   0x0000016c   Code   RO         2591    i.HAL_TIM_IC_Start_IT  stm32g0xx_hal_tim.o
    0x08003c0c   0x08003c0c   0x000001f8   Code   RO         2595    i.HAL_TIM_IRQHandler  stm32g0xx_hal_tim.o
    0x08003e04   0x08003e04   0x00000002   Code   RO         2598    i.HAL_TIM_OC_DelayElapsedCallback  stm32g0xx_hal_tim.o
    0x08003e06   0x08003e06   0x00000002   Code   RO         2625    i.HAL_TIM_PWM_PulseFinishedCallback  stm32g0xx_hal_tim.o
    0x08003e08   0x08003e08   0x00000002   Code   RO         2633    i.HAL_TIM_PeriodElapsedCallback  stm32g0xx_hal_tim.o
    0x08003e0a   0x08003e0a   0x00000034   Code   RO         2635    i.HAL_TIM_ReadCapturedValue  stm32g0xx_hal_tim.o
    0x08003e3e   0x08003e3e   0x00000002   Code   RO         2638    i.HAL_TIM_TriggerCallback  stm32g0xx_hal_tim.o
    0x08003e40   0x08003e40   0x00000004   Code   RO          223    i.HardFault_Handler  stm32g0xx_it.o
    0x08003e44   0x08003e44   0x00000032   Code   RO         2053    i.I2C_Flush_TXDR    stm32g0xx_hal_i2c.o
    0x08003e76   0x08003e76   0x00000002   PAD
    0x08003e78   0x08003e78   0x00000154   Code   RO         2061    i.I2C_IsErrorOccurred  stm32g0xx_hal_i2c.o
    0x08003fcc   0x08003fcc   0x00000080   Code   RO         2066    i.I2C_RequestMemoryRead  stm32g0xx_hal_i2c.o
    0x0800404c   0x0800404c   0x0000003c   Code   RO         2070    i.I2C_TransferConfig  stm32g0xx_hal_i2c.o
    0x08004088   0x08004088   0x00000054   Code   RO         2072    i.I2C_WaitOnFlagUntilTimeout  stm32g0xx_hal_i2c.o
    0x080040dc   0x080040dc   0x00000056   Code   RO         2074    i.I2C_WaitOnSTOPFlagUntilTimeout  stm32g0xx_hal_i2c.o
    0x08004132   0x08004132   0x0000005c   Code   RO         2075    i.I2C_WaitOnTXISFlagUntilTimeout  stm32g0xx_hal_i2c.o
    0x0800418e   0x0800418e   0x00000002   PAD
    0x08004190   0x08004190   0x00000010   Code   RO          393    i.LL_ADC_Disable    stm32g0xx_hal_adc.o
    0x080041a0   0x080041a0   0x00000010   Code   RO          394    i.LL_ADC_Enable     stm32g0xx_hal_adc.o
    0x080041b0   0x080041b0   0x0000000c   Code   RO          395    i.LL_ADC_GetCommonPathInternalCh  stm32g0xx_hal_adc.o
    0x080041bc   0x080041bc   0x0000000c   Code   RO          396    i.LL_ADC_IsDisableOngoing  stm32g0xx_hal_adc.o
    0x080041c8   0x080041c8   0x00000010   Code   RO          397    i.LL_ADC_IsEnabled  stm32g0xx_hal_adc.o
    0x080041d8   0x080041d8   0x0000000e   Code   RO          398    i.LL_ADC_IsInternalRegulatorEnabled  stm32g0xx_hal_adc.o
    0x080041e6   0x080041e6   0x0000000c   Code   RO          399    i.LL_ADC_REG_IsConversionOngoing  stm32g0xx_hal_adc.o
    0x080041f2   0x080041f2   0x00000016   Code   RO          400    i.LL_ADC_REG_IsTriggerSourceSWStart  stm32g0xx_hal_adc.o
    0x08004208   0x08004208   0x00000010   Code   RO          401    i.LL_ADC_REG_StartConversion  stm32g0xx_hal_adc.o
    0x08004218   0x08004218   0x0000000e   Code   RO          403    i.LL_ADC_SetCommonPathInternalCh  stm32g0xx_hal_adc.o
    0x08004226   0x08004226   0x0000001e   Code   RO          404    i.LL_ADC_SetSamplingTimeCommonChannels  stm32g0xx_hal_adc.o
    0x08004244   0x08004244   0x000001e8   Code   RO         3676    i.MC3416Read        mc3416.o
    0x0800442c   0x0800442c   0x00000188   Code   RO         3677    i.MC34X9_Init       mc3416.o
    0x080045b4   0x080045b4   0x000000bc   Code   RO           13    i.MX_ADC1_Init      main.o
    0x08004670   0x08004670   0x00000034   Code   RO           14    i.MX_DMA_Init       main.o
    0x080046a4   0x080046a4   0x0000009c   Code   RO           15    i.MX_GPIO_Init      main.o
    0x08004740   0x08004740   0x00000064   Code   RO           16    i.MX_I2C1_Init      main.o
    0x080047a4   0x080047a4   0x00000030   Code   RO           17    i.MX_IWDG_Init      main.o
    0x080047d4   0x080047d4   0x00000034   Code   RO           18    i.MX_TIM14_Init     main.o
    0x08004808   0x08004808   0x000000c8   Code   RO           19    i.MX_TIM1_Init      main.o
    0x080048d0   0x080048d0   0x00000004   Code   RO          224    i.NMI_Handler       stm32g0xx_it.o
    0x080048d4   0x080048d4   0x00000002   Code   RO          225    i.PendSV_Handler    stm32g0xx_it.o
    0x080048d6   0x080048d6   0x00000002   Code   RO          226    i.SVC_Handler       stm32g0xx_it.o
    0x080048d8   0x080048d8   0x00000008   Code   RO          227    i.SysTick_Handler   stm32g0xx_it.o
    0x080048e0   0x080048e0   0x00000080   Code   RO           20    i.SystemClock_Config  main.o
    0x08004960   0x08004960   0x00000002   Code   RO         3572    i.SystemInit        system_stm32g0xx.o
    0x08004962   0x08004962   0x00000002   PAD
    0x08004964   0x08004964   0x00000018   Code   RO          228    i.TIM14_IRQHandler  stm32g0xx_it.o
    0x0800497c   0x0800497c   0x00000010   Code   RO          229    i.TIM1_CC_IRQHandler  stm32g0xx_it.o
    0x0800498c   0x0800498c   0x000000a0   Code   RO         2640    i.TIM_Base_SetConfig  stm32g0xx_hal_tim.o
    0x08004a2c   0x08004a2c   0x00000022   Code   RO         2641    i.TIM_CCxChannelCmd  stm32g0xx_hal_tim.o
    0x08004a4e   0x08004a4e   0x0000001c   Code   RO         2651    i.TIM_ETR_SetConfig  stm32g0xx_hal_tim.o
    0x08004a6a   0x08004a6a   0x00000002   PAD
    0x08004a6c   0x08004a6c   0x00000018   Code   RO         2652    i.TIM_ITRx_SetConfig  stm32g0xx_hal_tim.o
    0x08004a84   0x08004a84   0x00000032   Code   RO         2660    i.TIM_TI1_ConfigInputStage  stm32g0xx_hal_tim.o
    0x08004ab6   0x08004ab6   0x00000002   PAD
    0x08004ab8   0x08004ab8   0x00000068   Code   RO         2661    i.TIM_TI1_SetConfig  stm32g0xx_hal_tim.o
    0x08004b20   0x08004b20   0x00000032   Code   RO         2662    i.TIM_TI2_ConfigInputStage  stm32g0xx_hal_tim.o
    0x08004b52   0x08004b52   0x00000048   Code   RO         2663    i.TIM_TI2_SetConfig  stm32g0xx_hal_tim.o
    0x08004b9a   0x08004b9a   0x00000046   Code   RO         2664    i.TIM_TI3_SetConfig  stm32g0xx_hal_tim.o
    0x08004be0   0x08004be0   0x0000004e   Code   RO         2665    i.TIM_TI4_SetConfig  stm32g0xx_hal_tim.o
    0x08004c2e   0x08004c2e   0x00000002   PAD
    0x08004c30   0x08004c30   0x00000078   Code   RO         1601    i.__NVIC_SetPriority  stm32g0xx_hal_cortex.o
    0x08004ca8   0x08004ca8   0x000000d4   Code   RO         3606    i.check_PWM         control_functions.o
    0x08004d7c   0x08004d7c   0x00000058   Code   RO         3607    i.check_voltage     control_functions.o
    0x08004dd4   0x08004dd4   0x0000002a   Code   RO         3608    i.control_explosion  control_functions.o
    0x08004dfe   0x08004dfe   0x0000003a   Code   RO         3609    i.control_supercapacitor  control_functions.o
    0x08004e38   0x08004e38   0x00000330   Code   RO           21    i.main              main.o
    0x08005168   0x08005168   0x0000005c   Code   RO         3709    i.timeout_charge    timer.o
    0x080051c4   0x080051c4   0x0000000c   Code   RO         3710    i.timer_1ms_tick    timer.o
    0x080051d0   0x080051d0   0x00000064   Code   RO         3762    x$fpl$dleqf         fz_ps.l(dlef.o)
    0x08005234   0x08005234   0x00000068   Code   RO         3766    x$fpl$drleqf        fz_ps.l(drlef.o)
    0x0800529c   0x0800529c   0x00000054   Code   RO         3777    x$fpl$fleqf         fz_ps.l(flef.o)
    0x080052f0   0x080052f0   0x000000b0   Code   RO         3779    x$fpl$fmul          fz_ps.l(fmul.o)
    0x080053a0   0x080053a0   0x00000000   Code   RO         3790    x$fpl$usenofp       fz_ps.l(usenofp.o)
    0x080053a0   0x080053a0   0x00000068   Data   RO         3573    .constdata          system_stm32g0xx.o
    0x08005408   0x08005408   0x00000080   Data   RO         3754    .constdata          fz_ps.l(ddiv.o)
    0x08005488   0x08005488   0x00000040   Data   RO         3771    .constdata          fz_ps.l(fdiv.o)
    0x080054c8   0x080054c8   0x00000020   Data   RO         3961    Region$$Table       anon$$obj.o


    Execution Region RW_IRAM1 (Exec base: 0x20000000, Load base: 0x080054e8, Size: 0x00000d18, Max: 0x00002000, ABSOLUTE)

    Exec Addr    Load Addr    Size         Type   Attr      Idx    E Section Name        Object

    0x20000000   0x080054e8   0x00000008   Data   RW           24    .data               main.o
    0x20000008   0x080054f0   0x0000000c   Data   RW         1735    .data               stm32g0xx_hal.o
    0x20000014   0x080054fc   0x00000004   Data   RW         3574    .data               system_stm32g0xx.o
    0x20000018   0x08005500   0x00000004   Data   RW         3611    .data               control_functions.o
    0x2000001c   0x08005504   0x00000008   Data   RW         3712    .data               timer.o
    0x20000024   0x0800550c   0x00000004   PAD
    0x20000028        -       0x00000290   Zero   RW           22    .bss                main.o
    0x200002b8        -       0x00000060   Zero   RW         3832    .bss                c_p.l(libspace.o)
    0x20000318        -       0x00000400   Zero   RW            2    HEAP                startup_stm32g031xx.o
    0x20000718        -       0x00000600   Zero   RW            1    STACK               startup_stm32g031xx.o


==============================================================================

Image component sizes


      Code (inc. data)   RO Data    RW Data    ZI Data      Debug   Object Name

      1180        168          0          4          0       5483   control_functions.o
      1746        148          0          8        656     440780   main.o
       880         28          0          0          0       2123   mc3416.o
        56         26        192          0       2560        620   startup_stm32g031xx.o
       220         38          0         12          0      17609   stm32g0xx_hal.o
      2686        110          0          0          0      47333   stm32g0xx_hal_adc.o
       230         26          0          0          0      12041   stm32g0xx_hal_cortex.o
       966         32          0          0          0       5075   stm32g0xx_hal_dma.o
       540         24          0          0          0       3564   stm32g0xx_hal_gpio.o
      1796         38          0          0          0      10320   stm32g0xx_hal_i2c.o
       246         10          0          0          0       2442   stm32g0xx_hal_i2c_ex.o
       140         18          0          0          0       1791   stm32g0xx_hal_iwdg.o
       580         48          0          0          0       2941   stm32g0xx_hal_msp.o
        88         12          0          0          0        726   stm32g0xx_hal_pwr_ex.o
      2164         82          0          0          0       4220   stm32g0xx_hal_rcc.o
       640         12          0          0          0       1616   stm32g0xx_hal_rcc_ex.o
      2364         74          0          0          0      16242   stm32g0xx_hal_tim.o
       146          8          0          0          0       2912   stm32g0xx_hal_tim_ex.o
       164         44          0          0          0       3859   stm32g0xx_it.o
         2          0        104          4          0       1091   system_stm32g0xx.o
       104         16          0          8          0       1234   timer.o

    ----------------------------------------------------------------------
     16968        962        328         36       3220     584022   Object Totals
         0          0         32          0          0          0   (incl. Generated)
        30          0          0          0          4          0   (incl. Padding)

    ----------------------------------------------------------------------

      Code (inc. data)   RO Data    RW Data    ZI Data      Debug   Library Member Name

         8          0          0          0          0         68   __main.o
         0          0          0          0          0          0   __rtentry.o
        12          0          0          0          0          0   __rtentry2.o
         6          0          0          0          0          0   __rtentry4.o
        60          8          0          0          0          0   __scatter.o
        26          0          0          0          0          0   __scatter_copy.o
        28          0          0          0          0          0   __scatter_zi.o
       346          0          0          0          0         92   aeabi_sdiv.o
        16          0          0          0          0         68   exit.o
         6          0          0          0          0        136   heapauxi.o
         0          0          0          0          0          0   indicate_semi.o
         2          0          0          0          0          0   libinit.o
         2          0          0          0          0          0   libinit2.o
         2          0          0          0          0          0   libshutdown.o
         2          0          0          0          0          0   libshutdown2.o
         8          4          0          0         96         68   libspace.o
        64          0          0          0          0        108   rt_memclr.o
         2          0          0          0          0          0   rtexit.o
        10          0          0          0          0          0   rtexit2.o
        12          4          0          0          0         60   sys_exit.o
        62          0          0          0          0         80   sys_stackheap_outer.o
         2          0          0          0          0         68   use_no_semi.o
        46          0          0          0          0         60   cmpret.o
       124          4          0          0          0         72   d2f.o
       144          4          0          0          0         76   dcmpin.o
      1096         26        128          0          0        112   ddiv.o
       108         10          0          0          0         72   dfixi.o
        72          4          0          0          0         68   dfixui.o
        88          0          0          0          0         92   dflti.o
       100          4          0          0          0         92   dlef.o
       584         26          0          0          0         84   dmul.o
        20          6          0          0          0         68   dnan2.o
       104          4          0          0          0        104   drlef.o
        84          4          0          0          0         60   f2d.o
       100          4          0          0          0         68   fcmpin.o
       352         10         64          0          0         92   fdiv.o
        76          0          0          0          0         68   ffixi.o
        94          0          0          0          0         92   fflti.o
        84          4          0          0          0         76   flef.o
       176          4          0          0          0         80   fmul.o
        16          6          0          0          0         68   fnan2.o
        94          0          0          0          0         68   retnan.o
         0          0          0          0          0          0   usenofp.o

    ----------------------------------------------------------------------
      4248        136        192          0         96       2320   Library Totals
        10          0          0          0          0          0   (incl. Padding)

    ----------------------------------------------------------------------

      Code (inc. data)   RO Data    RW Data    ZI Data      Debug   Library Name

       676         16          0          0         96        748   c_p.l
      3562        120        192          0          0       1572   fz_ps.l

    ----------------------------------------------------------------------
      4248        136        192          0         96       2320   Library Totals

    ----------------------------------------------------------------------

==============================================================================


      Code (inc. data)   RO Data    RW Data    ZI Data      Debug   

     21216       1098        520         36       3316     579874   Grand Totals
     21216       1098        520         36       3316     579874   ELF Image Totals
     21216       1098        520         36          0          0   ROM Totals

==============================================================================

    Total RO  Size (Code + RO Data)                21736 (  21.23kB)
    Total RW  Size (RW Data + ZI Data)              3352 (   3.27kB)
    Total ROM Size (Code + RO Data + RW Data)      21772 (  21.26kB)

==============================================================================

